Archive member included to satisfy reference by file (symbol)

d:/software/stm32cubeide_1.9.0/stm32cubeide/plugins/com.st.stm32cube.ide.mcu.externaltools.gnu-tools-for-stm32.10.3-2021.10.win32_1.0.0.202111181127/tools/bin/../lib/gcc/arm-none-eabi/10.3.1/../../../../arm-none-eabi/lib/thumb/v7-m/nofp\libc_nano.a(lib_a-errno.o)
                              ./Core/Src/syscalls.o (__errno)
d:/software/stm32cubeide_1.9.0/stm32cubeide/plugins/com.st.stm32cube.ide.mcu.externaltools.gnu-tools-for-stm32.10.3-2021.10.win32_1.0.0.202111181127/tools/bin/../lib/gcc/arm-none-eabi/10.3.1/../../../../arm-none-eabi/lib/thumb/v7-m/nofp\libc_nano.a(lib_a-exit.o)
                              d:/software/stm32cubeide_1.9.0/stm32cubeide/plugins/com.st.stm32cube.ide.mcu.externaltools.gnu-tools-for-stm32.10.3-2021.10.win32_1.0.0.202111181127/tools/bin/../lib/gcc/arm-none-eabi/10.3.1/../../../../arm-none-eabi/lib/thumb/v7-m/nofp/crt0.o (exit)
d:/software/stm32cubeide_1.9.0/stm32cubeide/plugins/com.st.stm32cube.ide.mcu.externaltools.gnu-tools-for-stm32.10.3-2021.10.win32_1.0.0.202111181127/tools/bin/../lib/gcc/arm-none-eabi/10.3.1/../../../../arm-none-eabi/lib/thumb/v7-m/nofp\libc_nano.a(lib_a-impure.o)
                              d:/software/stm32cubeide_1.9.0/stm32cubeide/plugins/com.st.stm32cube.ide.mcu.externaltools.gnu-tools-for-stm32.10.3-2021.10.win32_1.0.0.202111181127/tools/bin/../lib/gcc/arm-none-eabi/10.3.1/../../../../arm-none-eabi/lib/thumb/v7-m/nofp\libc_nano.a(lib_a-exit.o) (_global_impure_ptr)
d:/software/stm32cubeide_1.9.0/stm32cubeide/plugins/com.st.stm32cube.ide.mcu.externaltools.gnu-tools-for-stm32.10.3-2021.10.win32_1.0.0.202111181127/tools/bin/../lib/gcc/arm-none-eabi/10.3.1/../../../../arm-none-eabi/lib/thumb/v7-m/nofp\libc_nano.a(lib_a-init.o)
                              d:/software/stm32cubeide_1.9.0/stm32cubeide/plugins/com.st.stm32cube.ide.mcu.externaltools.gnu-tools-for-stm32.10.3-2021.10.win32_1.0.0.202111181127/tools/bin/../lib/gcc/arm-none-eabi/10.3.1/../../../../arm-none-eabi/lib/thumb/v7-m/nofp/crt0.o (__libc_init_array)
d:/software/stm32cubeide_1.9.0/stm32cubeide/plugins/com.st.stm32cube.ide.mcu.externaltools.gnu-tools-for-stm32.10.3-2021.10.win32_1.0.0.202111181127/tools/bin/../lib/gcc/arm-none-eabi/10.3.1/../../../../arm-none-eabi/lib/thumb/v7-m/nofp\libc_nano.a(lib_a-memcpy-stub.o)
                              ./Core/Src/maze.o (memcpy)
d:/software/stm32cubeide_1.9.0/stm32cubeide/plugins/com.st.stm32cube.ide.mcu.externaltools.gnu-tools-for-stm32.10.3-2021.10.win32_1.0.0.202111181127/tools/bin/../lib/gcc/arm-none-eabi/10.3.1/../../../../arm-none-eabi/lib/thumb/v7-m/nofp\libc_nano.a(lib_a-memset.o)
                              d:/software/stm32cubeide_1.9.0/stm32cubeide/plugins/com.st.stm32cube.ide.mcu.externaltools.gnu-tools-for-stm32.10.3-2021.10.win32_1.0.0.202111181127/tools/bin/../lib/gcc/arm-none-eabi/10.3.1/../../../../arm-none-eabi/lib/thumb/v7-m/nofp/crt0.o (memset)
d:/software/stm32cubeide_1.9.0/stm32cubeide/plugins/com.st.stm32cube.ide.mcu.externaltools.gnu-tools-for-stm32.10.3-2021.10.win32_1.0.0.202111181127/tools/bin/../lib/gcc/arm-none-eabi/10.3.1/../../../../arm-none-eabi/lib/thumb/v7-m/nofp\libc_nano.a(lib_a-printf.o)
                              ./Core/Src/flash.o (printf)
d:/software/stm32cubeide_1.9.0/stm32cubeide/plugins/com.st.stm32cube.ide.mcu.externaltools.gnu-tools-for-stm32.10.3-2021.10.win32_1.0.0.202111181127/tools/bin/../lib/gcc/arm-none-eabi/10.3.1/../../../../arm-none-eabi/lib/thumb/v7-m/nofp\libc_nano.a(lib_a-puts.o)
                              ./Core/Src/flash.o (puts)
d:/software/stm32cubeide_1.9.0/stm32cubeide/plugins/com.st.stm32cube.ide.mcu.externaltools.gnu-tools-for-stm32.10.3-2021.10.win32_1.0.0.202111181127/tools/bin/../lib/gcc/arm-none-eabi/10.3.1/../../../../arm-none-eabi/lib/thumb/v7-m/nofp\libc_nano.a(lib_a-sprintf.o)
                              ./Core/Src/lcd.o (sprintf)
d:/software/stm32cubeide_1.9.0/stm32cubeide/plugins/com.st.stm32cube.ide.mcu.externaltools.gnu-tools-for-stm32.10.3-2021.10.win32_1.0.0.202111181127/tools/bin/../lib/gcc/arm-none-eabi/10.3.1/../../../../arm-none-eabi/lib/thumb/v7-m/nofp\libc_nano.a(lib_a-strlen.o)
                              ./Core/Src/touch.o (strlen)
d:/software/stm32cubeide_1.9.0/stm32cubeide/plugins/com.st.stm32cube.ide.mcu.externaltools.gnu-tools-for-stm32.10.3-2021.10.win32_1.0.0.202111181127/tools/bin/../lib/gcc/arm-none-eabi/10.3.1/../../../../arm-none-eabi/lib/thumb/v7-m/nofp\libc_nano.a(lib_a-wbuf.o)
                              d:/software/stm32cubeide_1.9.0/stm32cubeide/plugins/com.st.stm32cube.ide.mcu.externaltools.gnu-tools-for-stm32.10.3-2021.10.win32_1.0.0.202111181127/tools/bin/../lib/gcc/arm-none-eabi/10.3.1/../../../../arm-none-eabi/lib/thumb/v7-m/nofp\libc_nano.a(lib_a-puts.o) (__swbuf_r)
[...]
Memory Configuration

Name             Origin             Length             Attributes
RAM              0x0000000020000000 0x0000000000010000 xrw
FLASH            0x0000000008000000 0x0000000000080000 xr
*default*        0x0000000000000000 0xffffffffffffffff

Linker script and memory map

LOAD d:/software/stm32cubeide_1.9.0/stm32cubeide/plugins/com.st.stm32cube.ide.mcu.externaltools.gnu-tools-for-stm32.10.3-2021.10.win32_1.0.0.202111181127/tools/bin/../lib/gcc/arm-none-eabi/10.3.1/thumb/v7-m/nofp/crti.o
LOAD d:/software/stm32cubeide_1.9.0/stm32cubeide/plugins/com.st.stm32cube.ide.mcu.externaltools.gnu-tools-for-stm32.10.3-2021.10.win32_1.0.0.202111181127/tools/bin/../lib/gcc/arm-none-eabi/10.3.1/thumb/v7-m/nofp/crtbegin.o
LOAD d:/software/stm32cubeide_1.9.0/stm32cubeide/plugins/com.st.stm32cube.ide.mcu.externaltools.gnu-tools-for-stm32.10.3-2021.10.win32_1.0.0.202111181127/tools/bin/../lib/gcc/arm-none-eabi/10.3.1/../../../../arm-none-eabi/lib/thumb/v7-m/nofp/crt0.o
LOAD ./Core/Src/flash.o
LOAD ./Core/Src/fonts.o
LOAD ./Core/Src/fsmc.o
LOAD ./Core/Src/gpio.o
LOAD ./Core/Src/key.o
LOAD ./Core/Src/lcd.o
LOAD ./Core/Src/main.o
LOAD ./Core/Src/maze.o
LOAD ./Core/Src/spi.o
LOAD ./Core/Src/stm32f1xx_hal_msp.o
LOAD ./Core/Src/stm32f1xx_it.o
LOAD ./Core/Src/syscalls.o
LOAD ./Core/Src/sysmem.o
LOAD ./Core/Src/system_stm32f1xx.o
LOAD ./Core/Src/tim.o
LOAD ./Core/Src/touch.o
LOAD ./Core/Src/usart.o
LOAD ./Core/Startup/startup_stm32f103vetx.o
LOAD ./Drivers/STM32F1xx_HAL_Driver/Src/stm32f1xx_hal.o
LOAD ./Drivers/STM32F1xx_HAL_Driver/Src/stm32f1xx_hal_cortex.o
LOAD ./Drivers/STM32F1xx_HAL_Driver/Src/stm32f1xx_hal_dma.o
LOAD ./Drivers/STM32F1xx_HAL_Driver/Src/stm32f1xx_hal_exti.o
LOAD ./Drivers/STM32F1xx_HAL_Driver/Src/stm32f1xx_hal_flash.o
LOAD ./Drivers/STM32F1xx_HAL_Driver/Src/stm32f1xx_hal_flash_ex.o
LOAD ./Drivers/STM32F1xx_HAL_Driver/Src/stm32f1xx_hal_gpio.o
LOAD ./Drivers/STM32F1xx_HAL_Driver/Src/stm32f1xx_hal_gpio_ex.o
LOAD ./Drivers/STM32F1xx_HAL_Driver/Src/stm32f1xx_hal_pwr.o
LOAD ./Drivers/STM32F1xx_HAL_Driver/Src/stm32f1xx_hal_rcc.o
LOAD ./Drivers/STM32F1xx_HAL_Driver/Src/stm32f1xx_hal_rcc_ex.o
LOAD ./Drivers/STM32F1xx_HAL_Driver/Src/stm32f1xx_hal_spi.o
LOAD ./Drivers/STM32F1xx_HAL_Driver/Src/stm32f1xx_hal_sram.o
LOAD ./Drivers/STM32F1xx_HAL_Driver/Src/stm32f1xx_hal_tim.o
LOAD ./Drivers/STM32F1xx_HAL_Driver/Src/stm32f1xx_hal_tim_ex.o
LOAD ./Drivers/STM32F1xx_HAL_Driver/Src/stm32f1xx_hal_uart.o
LOAD ./Drivers/STM32F1xx_HAL_Driver/Src/stm32f1xx_ll_fsmc.o
START GROUP
LOAD d:/software/stm32cubeide_1.9.0/stm32cubeide/plugins/com.st.stm32cube.ide.mcu.externaltools.gnu-tools-for-stm32.10.3-2021.10.win32_1.0.0.202111181127/tools/bin/../lib/gcc/arm-none-eabi/10.3.1/../../../../arm-none-eabi/lib/thumb/v7-m/nofp\libc_nano.a
LOAD d:/software/stm32cubeide_1.9.0/stm32cubeide/plugins/com.st.stm32cube.ide.mcu.externaltools.gnu-tools-for-stm32.10.3-2021.10.win32_1.0.0.202111181127/tools/bin/../lib/gcc/arm-none-eabi/10.3.1/../../../../arm-none-eabi/lib/thumb/v7-m/nofp\libm.a
END GROUP
START GROUP
LOAD d:/software/stm32cubeide_1.9.0/stm32cubeide/plugins/com.st.stm32cube.ide.mcu.externaltools.gnu-tools-for-stm32.10.3-2021.10.win32_1.0.0.202111181127/tools/bin/../lib/gcc/arm-none-eabi/10.3.1/thumb/v7-m/nofp\libgcc.a
LOAD d:/software/stm32cubeide_1.9.0/stm32cubeide/plugins/com.st.stm32cube.ide.mcu.externaltools.gnu-tools-for-stm32.10.3-2021.10.win32_1.0.0.202111181127/tools/bin/../lib/gcc/arm-none-eabi/10.3.1/../../../../arm-none-eabi/lib/thumb/v7-m/nofp\libc_nano.a
END GROUP
START GROUP
LOAD d:/software/stm32cubeide_1.9.0/stm32cubeide/plugins/com.st.stm32cube.ide.mcu.externaltools.gnu-tools-for-stm32.10.3-2021.10.win32_1.0.0.202111181127/tools/bin/../lib/gcc/arm-none-eabi/10.3.1/thumb/v7-m/nofp\libgcc.a
LOAD d:/software/stm32cubeide_1.9.0/stm32cubeide/plugins/com.st.stm32cube.ide.mcu.externaltools.gnu-tools-for-stm32.10.3-2021.10.win32_1.0.0.202111181127/tools/bin/../lib/gcc/arm-none-eabi/10.3.1/../../../../arm-none-eabi/lib/thumb/v7-m/nofp\libc_nano.a
LOAD d:/software/stm32cubeide_1.9.0/stm32cubeide/plugins/com.st.stm32cube.ide.mcu.externaltools.gnu-tools-for-stm32.10.3-2021.10.win32_1.0.0.202111181127/tools/bin/../lib/gcc/arm-none-eabi/10.3.1/../../../../arm-none-eabi/lib/thumb/v7-m/nofp\libnosys.a
END GROUP
START GROUP
LOAD d:/software/stm32cubeide_1.9.0/stm32cubeide/plugins/com.st.stm32cube.ide.mcu.externaltools.gnu-tools-for-stm32.10.3-2021.10.win32_1.0.0.202111181127/tools/bin/../lib/gcc/arm-none-eabi/10.3.1/thumb/v7-m/nofp\libgcc.a
LOAD d:/software/stm32cubeide_1.9.0/stm32cubeide/plugins/com.st.stm32cube.ide.mcu.externaltools.gnu-tools-for-stm32.10.3-2021.10.win32_1.0.0.202111181127/tools/bin/../lib/gcc/arm-none-eabi/10.3.1/../../../../arm-none-eabi/lib/thumb/v7-m/nofp\libc_nano.a
LOAD d:/software/stm32cubeide_1.9.0/stm32cubeide/plugins/com.st.stm32cube.ide.mcu.externaltools.gnu-tools-for-stm32.10.3-2021.10.win32_1.0.0.202111181127/tools/bin/../lib/gcc/arm-none-eabi/10.3.1/../../../../arm-none-eabi/lib/thumb/v7-m/nofp\libnosys.a
END GROUP
LOAD d:/software/stm32cubeide_1.9.0/stm32cubeide/plugins/com.st.stm32cube.ide.mcu.externaltools.gnu-tools-for-stm32.10.3-2021.10.win32_1.0.0.202111181127/tools/bin/../lib/gcc/arm-none-eabi/10.3.1/thumb/v7-m/nofp/crtend.o
LOAD d:/software/stm32cubeide_1.9.0/stm32cubeide/plugins/com.st.stm32cube.ide.mcu.externaltools.gnu-tools-for-stm32.10.3-2021.10.win32_1.0.0.202111181127/tools/bin/../lib/gcc/arm-none-eabi/10.3.1/thumb/v7-m/nofp/crtn.o
                0x0000000020010000                _estack = (ORIGIN (RAM) + LENGTH (RAM))
                0x0000000000000200                _Min_Heap_Size = 0x200
                0x0000000000000400                _Min_Stack_Size = 0x400

.isr_vector     0x0000000008000000      0x1e4
                0x0000000008000000                . = ALIGN (0x4)
 *(.isr_vector)
 .isr_vector    0x0000000008000000      0x1e4 ./Core/Startup/startup_stm32f103vetx.o
                0x0000000008000000                g_pfnVectors
                0x00000000080001e4                . = ALIGN (0x4)

.text           0x00000000080001e4     0x76fc
                0x00000000080001e4                . = ALIGN (0x4)
 *(.text)
 .text          0x00000000080001e4       0x40 d:/software/stm32cubeide_1.9.0/stm32cubeide/plugins/com.st.stm32cube.ide.mcu.externaltools.gnu-tools-for-stm32.10.3-2021.10.win32_1.0.0.202111181127/tools/bin/../lib/gcc/arm-none-eabi/10.3.1/thumb/v7-m/nofp/crtbegin.o
 .text          0x0000000008000224       0x10 d:/software/stm32cubeide_1.9.0/stm32cubeide/plugins/com.st.stm32cube.ide.mcu.externaltools.gnu-tools-for-stm32.10.3-2021.10.win32_1.0.0.202111181127/tools/bin/../lib/gcc/arm-none-eabi/10.3.1/../../../../arm-none-eabi/lib/thumb/v7-m/nofp\libc_nano.a(lib_a-strlen.o)
                0x0000000008000224                strlen
 .text          0x0000000008000234      0x21c d:/software/stm32cubeide_1.9.0/stm32cubeide/plugins/com.st.stm32cube.ide.mcu.externaltools.gnu-tools-for-stm32.10.3-2021.10.win32_1.0.0.202111181127/tools/bin/../lib/gcc/arm-none-eabi/10.3.1/thumb/v7-m/nofp\libgcc.a(_arm_addsubsf3.o)
                0x0000000008000234                __aeabi_frsub
                0x000000000800023c                __subsf3
                0x000000000800023c                __aeabi_fsub
                0x0000000008000240                __aeabi_fadd
                0x0000000008000240                __addsf3
                0x00000000080003a0                __aeabi_ui2f
                0x00000000080003a0                __floatunsisf
                0x00000000080003a8                __aeabi_i2f
                0x00000000080003a8                __floatsisf
                0x00000000080003c4                __aeabi_ul2f
                0x00000000080003c4                __floatundisf
                0x00000000080003d4                __aeabi_l2f
                0x00000000080003d4                __floatdisf
 .text          0x0000000008000450      0x2a0 d:/software/stm32cubeide_1.9.0/stm32cubeide/plugins/com.st.stm32cube.ide.mcu.externaltools.gnu-tools-for-stm32.10.3-2021.10.win32_1.0.0.202111181127/tools/bin/../lib/gcc/arm-none-eabi/10.3.1/thumb/v7-m/nofp\libgcc.a(_arm_muldivsf3.o)
                0x0000000008000450                __mulsf3
                0x0000000008000450                __aeabi_fmul
                0x00000000080005b8                __aeabi_fdiv
                0x00000000080005b8                __divsf3
 .text          0x00000000080006f0       0xec d:/software/stm32cubeide_1.9.0/stm32cubeide/plugins/com.st.stm32cube.ide.mcu.externaltools.gnu-tools-for-stm32.10.3-2021.10.win32_1.0.0.202111181127/tools/bin/../lib/gcc/arm-none-eabi/10.3.1/thumb/v7-m/nofp\libgcc.a(_arm_cmpsf2.o)
                0x00000000080006f0                __gesf2
                0x00000000080006f0                __gtsf2
                0x00000000080006f8                __lesf2
                0x00000000080006f8                __ltsf2
                0x0000000008000700                __nesf2
                0x0000000008000700                __eqsf2
                0x0000000008000700                __cmpsf2
                0x0000000008000760                __aeabi_cfrcmple
                0x0000000008000768                __aeabi_cfcmpeq
                0x0000000008000768                __aeabi_cfcmple
                0x0000000008000778                __aeabi_fcmpeq
                0x000000000800078c                __aeabi_fcmplt
                0x00000000080007a0                __aeabi_fcmple
                0x00000000080007b4                __aeabi_fcmpge
                0x00000000080007c8                __aeabi_fcmpgt
 .text          0x00000000080007dc       0x4c d:/software/stm32cubeide_1.9.0/stm32cubeide/plugins/com.st.stm32cube.ide.mcu.externaltools.gnu-tools-for-stm32.10.3-2021.10.win32_1.0.0.202111181127/tools/bin/../lib/gcc/arm-none-eabi/10.3.1/thumb/v7-m/nofp\libgcc.a(_arm_fixsfsi.o)
                0x00000000080007dc                __aeabi_f2iz
                0x00000000080007dc                __fixsfsi
 .text          0x0000000008000828       0x40 d:/software/stm32cubeide_1.9.0/stm32cubeide/plugins/com.st.stm32cube.ide.mcu.externaltools.gnu-tools-for-stm32.10.3-2021.10.win32_1.0.0.202111181127/tools/bin/../lib/gcc/arm-none-eabi/10.3.1/thumb/v7-m/nofp\libgcc.a(_arm_fixunssfsi.o)
                0x0000000008000828                __fixunssfsi
                0x0000000008000828                __aeabi_f2uiz
 *(.text*)
 .text.SPI_FLASH_SectorErase
                0x0000000008000868       0x5c ./Core/Src/flash.o
                0x0000000008000868                SPI_FLASH_SectorErase
 .text.SPI_FLASH_PageWrite
                0x00000000080008c4       0x94 ./Core/Src/flash.o
                0x00000000080008c4                SPI_FLASH_PageWrite
 .text.SPI_FLASH_BufferWrite
                0x0000000008000958      0x152 ./Core/Src/flash.o
                0x0000000008000958                SPI_FLASH_BufferWrite
 *fill*         0x0000000008000aaa        0x2 
 .text.SPI_FLASH_BufferRead
                0x0000000008000aac       0x78 ./Core/Src/flash.o
                0x0000000008000aac                SPI_FLASH_BufferRead
 .text.SPI_FLASH_SendByte
                0x0000000008000b24       0x38 ./Core/Src/flash.o
                0x0000000008000b24                SPI_FLASH_SendByte
 .text.SPI_FLASH_WriteEnable
                0x0000000008000b5c       0x28 ./Core/Src/flash.o
                0x0000000008000b5c                SPI_FLASH_WriteEnable
 .text.SPI_FLASH_WaitForWriteEnd
                0x0000000008000b84       0x44 ./Core/Src/flash.o
                0x0000000008000b84                SPI_FLASH_WaitForWriteEnd
 .text.MX_FSMC_Init
                0x0000000008000bc8       0xfc ./Core/Src/fsmc.o
                0x0000000008000bc8                MX_FSMC_Init
 .text.HAL_FSMC_MspInit
                0x0000000008000cc4       0x88 ./Core/Src/fsmc.o
 .text.HAL_SRAM_MspInit
                0x0000000008000d4c       0x14 ./Core/Src/fsmc.o
                0x0000000008000d4c                HAL_SRAM_MspInit
 .text.MX_GPIO_Init
                0x0000000008000d60      0x1e0 ./Core/Src/gpio.o
                0x0000000008000d60                MX_GPIO_Init
 .text.HAL_GPIO_EXTI_Callback
                0x0000000008000f40       0x2c ./Core/Src/gpio.o
                0x0000000008000f40                HAL_GPIO_EXTI_Callback
 .text.KEY1_EXIT_Callback
                0x0000000008000f6c       0xcc ./Core/Src/key.o
                0x0000000008000f6c                KEY1_EXIT_Callback
 .text.KEY2_EXIT_Callback
                0x0000000008001038       0x58 ./Core/Src/key.o
                0x0000000008001038                KEY2_EXIT_Callback
 .text.ILI9341_Write_Cmd
                0x0000000008001090       0x1c ./Core/Src/lcd.o
 .text.ILI9341_Write_Data
                0x00000000080010ac       0x20 ./Core/Src/lcd.o
 .text.ILI9341_Delay
                0x00000000080010cc       0x22 ./Core/Src/lcd.o
 *fill*         0x00000000080010ee        0x2 
 .text.ILI9341_REG_Config
                0x00000000080010f0      0x234 ./Core/Src/lcd.o
 .text.ILI9341_Init
                0x0000000008001324       0x24 ./Core/Src/lcd.o
                0x0000000008001324                ILI9341_Init
 .text.ILI9341_BackLed_Control
                0x0000000008001348       0x38 ./Core/Src/lcd.o
                0x0000000008001348                ILI9341_BackLed_Control
 .text.ILI9341_Rst
                0x0000000008001380       0x30 ./Core/Src/lcd.o
                0x0000000008001380                ILI9341_Rst
 .text.ILI9341_GramScan
                0x00000000080013b0       0xe8 ./Core/Src/lcd.o
                0x00000000080013b0                ILI9341_GramScan
 .text.ILI9341_OpenWindow
                0x0000000008001498       0xb2 ./Core/Src/lcd.o
                0x0000000008001498                ILI9341_OpenWindow
 .text.ILI9341_SetCursor
                0x000000000800154a       0x24 ./Core/Src/lcd.o
 .text.ILI9341_FillColor
                0x000000000800156e       0x3c ./Core/Src/lcd.o
 *fill*         0x00000000080015aa        0x2 
 .text.ILI9341_Clear
                0x00000000080015ac       0x4c ./Core/Src/lcd.o
                0x00000000080015ac                ILI9341_Clear
 .text.ILI9341_SetPointPixel
                0x00000000080015f8       0x50 ./Core/Src/lcd.o
                0x00000000080015f8                ILI9341_SetPointPixel
 .text.ILI9341_DrawLine
                0x0000000008001648      0x108 ./Core/Src/lcd.o
                0x0000000008001648                ILI9341_DrawLine
 .text.ILI9341_DrawRectangle
                0x0000000008001750       0xd8 ./Core/Src/lcd.o
                0x0000000008001750                ILI9341_DrawRectangle
 .text.ILI9341_DrawCircle
                0x0000000008001828      0x224 ./Core/Src/lcd.o
                0x0000000008001828                ILI9341_DrawCircle
 .text.ILI9341_DispChar_EN
                0x0000000008001a4c       0xcc ./Core/Src/lcd.o
                0x0000000008001a4c                ILI9341_DispChar_EN
 .text.ILI9341_DispStringLine_EN
                0x0000000008001b18       0x8c ./Core/Src/lcd.o
                0x0000000008001b18                ILI9341_DispStringLine_EN
 .text.ILI9341_DispString_EN
                0x0000000008001ba4       0x8c ./Core/Src/lcd.o
                0x0000000008001ba4                ILI9341_DispString_EN
 .text.LCD_SetFont
                0x0000000008001c30       0x1c ./Core/Src/lcd.o
                0x0000000008001c30                LCD_SetFont
 .text.LCD_GetFont
                0x0000000008001c4c       0x14 ./Core/Src/lcd.o
                0x0000000008001c4c                LCD_GetFont
 .text.LCD_SetColors
                0x0000000008001c60       0x30 ./Core/Src/lcd.o
                0x0000000008001c60                LCD_SetColors
 .text.LCD_SetTextColor
                0x0000000008001c90       0x20 ./Core/Src/lcd.o
                0x0000000008001c90                LCD_SetTextColor
 .text.LCD_WELCOME_Draw
                0x0000000008001cb0       0x60 ./Core/Src/lcd.o
                0x0000000008001cb0                LCD_WELCOME_Draw
 .text.LCD_MAZE_Refresh
                0x0000000008001d10       0x3a ./Core/Src/lcd.o
                0x0000000008001d10                LCD_MAZE_Refresh
 *fill*         0x0000000008001d4a        0x2 
 .text.LCD_MAZE_DrawMap
                0x0000000008001d4c      0x320 ./Core/Src/lcd.o
                0x0000000008001d4c                LCD_MAZE_DrawMap
 .text.LCD_MAZE_DrawPlayer
                0x000000000800206c       0x5c ./Core/Src/lcd.o
                0x000000000800206c                LCD_MAZE_DrawPlayer
 .text.LCD_MAZE_DrawButton
                0x00000000080020c8       0xa4 ./Core/Src/lcd.o
                0x00000000080020c8                LCD_MAZE_DrawButton
 .text.LCD_MAZE_DrawStep
                0x000000000800216c       0x7c ./Core/Src/lcd.o
                0x000000000800216c                LCD_MAZE_DrawStep
 .text.LCD_MAZE_DrawBest
                0x00000000080021e8       0x70 ./Core/Src/lcd.o
                0x00000000080021e8                LCD_MAZE_DrawBest
 .text.LCD_MAZE_DrawRestart
                0x0000000008002258       0x40 ./Core/Src/lcd.o
                0x0000000008002258                LCD_MAZE_DrawRestart
 .text.LCD_MAZE_BUTTON_Down
                0x0000000008002298      0x124 ./Core/Src/lcd.o
                0x0000000008002298                LCD_MAZE_BUTTON_Down
 .text.LCD_WIM_DrawWin
                0x00000000080023bc       0x2c ./Core/Src/lcd.o
                0x00000000080023bc                LCD_WIM_DrawWin
 .text.LCD_WIN_Draw
                0x00000000080023e8       0x3a ./Core/Src/lcd.o
                0x00000000080023e8                LCD_WIN_Draw
 *fill*         0x0000000008002422        0x2 
 .text.main     0x0000000008002424       0x90 ./Core/Src/main.o
                0x0000000008002424                main
 .text.SystemClock_Config
                0x00000000080024b4       0x8a ./Core/Src/main.o
                0x00000000080024b4                SystemClock_Config
 .text.Error_Handler
                0x000000000800253e        0xa ./Core/Src/main.o
                0x000000000800253e                Error_Handler
 .text.MAZE_INIT
                0x0000000008002548      0x160 ./Core/Src/maze.o
                0x0000000008002548                MAZE_INIT
 .text.MAZE_PKAYER_Move
                0x00000000080026a8      0x358 ./Core/Src/maze.o
                0x00000000080026a8                MAZE_PKAYER_Move
 .text.MAZE_CHECK
                0x0000000008002a00       0x84 ./Core/Src/maze.o
                0x0000000008002a00                MAZE_CHECK
 .text.MAZE_PLAYER_Restart
                0x0000000008002a84       0x30 ./Core/Src/maze.o
                0x0000000008002a84                MAZE_PLAYER_Restart
 .text.PLAY_UI_HandelDown
                0x0000000008002ab4       0xf6 ./Core/Src/maze.o
                0x0000000008002ab4                PLAY_UI_HandelDown
 *fill*         0x0000000008002baa        0x2 
 .text.PLAY_UI_HandelUp
                0x0000000008002bac      0x150 ./Core/Src/maze.o
                0x0000000008002bac                PLAY_UI_HandelUp
 .text.WIN_UI_HandelDown
                0x0000000008002cfc       0x48 ./Core/Src/maze.o
                0x0000000008002cfc                WIN_UI_HandelDown
 .text.WIN_UI_HandelUp
                0x0000000008002d44       0x64 ./Core/Src/maze.o
                0x0000000008002d44                WIN_UI_HandelUp
 .text.MAZE_UI_Change
                0x0000000008002da8       0x20 ./Core/Src/maze.o
                0x0000000008002da8                MAZE_UI_Change
 .text.WELCOM_UI_HandelUp
                0x0000000008002dc8       0x2c ./Core/Src/maze.o
                0x0000000008002dc8                WELCOM_UI_HandelUp
 .text.MAZE_UI_HandelDown
                0x0000000008002df4       0x58 ./Core/Src/maze.o
                0x0000000008002df4                MAZE_UI_HandelDown
 .text.MAZE_UI_HandelUp
                0x0000000008002e4c       0x5c ./Core/Src/maze.o
                0x0000000008002e4c                MAZE_UI_HandelUp
 .text.MX_SPI1_Init
                0x0000000008002ea8       0x6c ./Core/Src/spi.o
                0x0000000008002ea8                MX_SPI1_Init
 .text.HAL_SPI_MspInit
                0x0000000008002f14       0x94 ./Core/Src/spi.o
                0x0000000008002f14                HAL_SPI_MspInit
 .text.HAL_MspInit
                0x0000000008002fa8       0x64 ./Core/Src/stm32f1xx_hal_msp.o
                0x0000000008002fa8                HAL_MspInit
 .text.NMI_Handler
                0x000000000800300c        0x6 ./Core/Src/stm32f1xx_it.o
                0x000000000800300c                NMI_Handler
 .text.HardFault_Handler
                0x0000000008003012        0x6 ./Core/Src/stm32f1xx_it.o
                0x0000000008003012                HardFault_Handler
 .text.MemManage_Handler
                0x0000000008003018        0x6 ./Core/Src/stm32f1xx_it.o
                0x0000000008003018                MemManage_Handler
 .text.BusFault_Handler
                0x000000000800301e        0x6 ./Core/Src/stm32f1xx_it.o
                0x000000000800301e                BusFault_Handler
 .text.UsageFault_Handler
                0x0000000008003024        0x6 ./Core/Src/stm32f1xx_it.o
                0x0000000008003024                UsageFault_Handler
 .text.SVC_Handler
                0x000000000800302a        0xc ./Core/Src/stm32f1xx_it.o
                0x000000000800302a                SVC_Handler
 .text.DebugMon_Handler
                0x0000000008003036        0xc ./Core/Src/stm32f1xx_it.o
                0x0000000008003036                DebugMon_Handler
 .text.PendSV_Handler
                0x0000000008003042        0xc ./Core/Src/stm32f1xx_it.o
                0x0000000008003042                PendSV_Handler
 .text.SysTick_Handler
                0x000000000800304e        0xc ./Core/Src/stm32f1xx_it.o
                0x000000000800304e                SysTick_Handler
 .text.EXTI0_IRQHandler
                0x000000000800305a        0xe ./Core/Src/stm32f1xx_it.o
                0x000000000800305a                EXTI0_IRQHandler
 .text.EXTI15_10_IRQHandler
                0x0000000008003068       0x10 ./Core/Src/stm32f1xx_it.o
                0x0000000008003068                EXTI15_10_IRQHandler
 .text.TIM6_IRQHandler
                0x0000000008003078       0x14 ./Core/Src/stm32f1xx_it.o
                0x0000000008003078                TIM6_IRQHandler
 .text.TIM7_IRQHandler
                0x000000000800308c       0x14 ./Core/Src/stm32f1xx_it.o
                0x000000000800308c                TIM7_IRQHandler
 .text._read    0x00000000080030a0       0x3a ./Core/Src/syscalls.o
                0x00000000080030a0                _read
 .text._write   0x00000000080030da       0x38 ./Core/Src/syscalls.o
                0x00000000080030da                _write
 .text._close   0x0000000008003112       0x16 ./Core/Src/syscalls.o
                0x0000000008003112                _close
 .text._fstat   0x0000000008003128       0x1e ./Core/Src/syscalls.o
                0x0000000008003128                _fstat
 .text._isatty  0x0000000008003146       0x14 ./Core/Src/syscalls.o
                0x0000000008003146                _isatty
 .text._lseek   0x000000000800315a       0x18 ./Core/Src/syscalls.o
                0x000000000800315a                _lseek
 *fill*         0x0000000008003172        0x2 
 .text._sbrk    0x0000000008003174       0x6c ./Core/Src/sysmem.o
                0x0000000008003174                _sbrk
 .text.SystemInit
                0x00000000080031e0        0xc ./Core/Src/system_stm32f1xx.o
                0x00000000080031e0                SystemInit
 .text.MX_TIM6_Init
                0x00000000080031ec       0x6c ./Core/Src/tim.o
                0x00000000080031ec                MX_TIM6_Init
 .text.MX_TIM7_Init
                0x0000000008003258       0x6c ./Core/Src/tim.o
                0x0000000008003258                MX_TIM7_Init
 .text.HAL_TIM_Base_MspInit
                0x00000000080032c4       0x84 ./Core/Src/tim.o
                0x00000000080032c4                HAL_TIM_Base_MspInit
 .text.HAL_TIM_PeriodElapsedCallback
                0x0000000008003348      0x19c ./Core/Src/tim.o
                0x0000000008003348                HAL_TIM_PeriodElapsedCallback
 .text.XPT2046_DelayUS
                0x00000000080034e4       0x38 ./Core/Src/touch.o
 .text.XPT2046_WriteCMD
                0x000000000800351c       0x88 ./Core/Src/touch.o
 .text.XPT2046_ReadCMD
                0x00000000080035a4       0x78 ./Core/Src/touch.o
 .text.XPT2046_ReadAdc
                0x000000000800361c       0x20 ./Core/Src/touch.o
 .text.XPT2046_ReadAdc_XY
                0x000000000800363c       0x38 ./Core/Src/touch.o
 .text.XPT2046_ReadAdc_Smooth_XY
                0x0000000008003674      0x22c ./Core/Src/touch.o
 .text.XPT2046_Calculate_CalibrationFactor
                0x00000000080038a0      0x386 ./Core/Src/touch.o
 .text.ILI9341_DrawCross
                0x0000000008003c26       0x40 ./Core/Src/touch.o
 *fill*         0x0000000008003c66        0x2 
 .text.XPT2046_Touch_Calibrate
                0x0000000008003c68      0x56c ./Core/Src/touch.o
                0x0000000008003c68                XPT2046_Touch_Calibrate
 .text.Calibrate_or_Get_TouchParaWithFlash
                0x00000000080041d4       0xb8 ./Core/Src/touch.o
                0x00000000080041d4                Calibrate_or_Get_TouchParaWithFlash
 .text.XPT2046_Get_TouchedPoint
                0x000000000800428c      0x158 ./Core/Src/touch.o
                0x000000000800428c                XPT2046_Get_TouchedPoint
 .text.XPT2046_TouchDetect
                0x00000000080043e4       0xe0 ./Core/Src/touch.o
                0x00000000080043e4                XPT2046_TouchDetect
 .text.XPT2046_TouchDown
                0x00000000080044c4       0x3e ./Core/Src/touch.o
                0x00000000080044c4                XPT2046_TouchDown
 *fill*         0x0000000008004502        0x2 
 .text.XPT2046_TouchUp
                0x0000000008004504       0x50 ./Core/Src/touch.o
                0x0000000008004504                XPT2046_TouchUp
 .text.XPT2046_TouchEvenHandler
                0x0000000008004554       0x64 ./Core/Src/touch.o
                0x0000000008004554                XPT2046_TouchEvenHandler
 .text.__io_putchar
                0x00000000080045b8       0x24 ./Core/Src/usart.o
                0x00000000080045b8                __io_putchar
 .text.MX_USART1_UART_Init
                0x00000000080045dc       0x54 ./Core/Src/usart.o
                0x00000000080045dc                MX_USART1_UART_Init
 .text.HAL_UART_MspInit
                0x0000000008004630       0x98 ./Core/Src/usart.o
                0x0000000008004630                HAL_UART_MspInit
 .text.Reset_Handler
                0x00000000080046c8       0x48 ./Core/Startup/startup_stm32f103vetx.o
                0x00000000080046c8                Reset_Handler
 .text.Default_Handler
                0x0000000008004710        0x2 ./Core/Startup/startup_stm32f103vetx.o
                0x0000000008004710                RTC_Alarm_IRQHandler
                0x0000000008004710                EXTI2_IRQHandler
                0x0000000008004710                TIM8_TRG_COM_IRQHandler
                0x0000000008004710                TIM8_CC_IRQHandler
                0x0000000008004710                TIM1_CC_IRQHandler
                0x0000000008004710                PVD_IRQHandler
                0x0000000008004710                SDIO_IRQHandler
                0x0000000008004710                EXTI3_IRQHandler
                0x0000000008004710                I2C2_EV_IRQHandler
                0x0000000008004710                ADC1_2_IRQHandler
                0x0000000008004710                SPI1_IRQHandler
                0x0000000008004710                TAMPER_IRQHandler
                0x0000000008004710                TIM8_UP_IRQHandler
                0x0000000008004710                DMA2_Channel2_IRQHandler
                0x0000000008004710                DMA1_Channel4_IRQHandler
                0x0000000008004710                USART3_IRQHandler
                0x0000000008004710                RTC_IRQHandler
                0x0000000008004710                DMA1_Channel7_IRQHandler
                0x0000000008004710                CAN1_RX1_IRQHandler
                0x0000000008004710                UART5_IRQHandler
                0x0000000008004710                ADC3_IRQHandler
                0x0000000008004710                TIM4_IRQHandler
                0x0000000008004710                DMA2_Channel1_IRQHandler
                0x0000000008004710                I2C1_EV_IRQHandler
                0x0000000008004710                DMA1_Channel6_IRQHandler
                0x0000000008004710                UART4_IRQHandler
                0x0000000008004710                TIM3_IRQHandler
                0x0000000008004710                RCC_IRQHandler
                0x0000000008004710                TIM1_TRG_COM_IRQHandler
                0x0000000008004710                DMA1_Channel1_IRQHandler
                0x0000000008004710                Default_Handler
                0x0000000008004710                TIM5_IRQHandler
                0x0000000008004710                EXTI9_5_IRQHandler
                0x0000000008004710                SPI2_IRQHandler
                0x0000000008004710                DMA1_Channel5_IRQHandler
                0x0000000008004710                EXTI4_IRQHandler
                0x0000000008004710                USB_LP_CAN1_RX0_IRQHandler
                0x0000000008004710                USB_HP_CAN1_TX_IRQHandler
                0x0000000008004710                DMA1_Channel3_IRQHandler
                0x0000000008004710                FSMC_IRQHandler
                0x0000000008004710                TIM1_UP_IRQHandler
                0x0000000008004710                WWDG_IRQHandler
                0x0000000008004710                TIM2_IRQHandler
                0x0000000008004710                TIM1_BRK_IRQHandler
                0x0000000008004710                EXTI1_IRQHandler
                0x0000000008004710                DMA2_Channel4_5_IRQHandler
                0x0000000008004710                USART2_IRQHandler
                0x0000000008004710                I2C2_ER_IRQHandler
                0x0000000008004710                DMA1_Channel2_IRQHandler
                0x0000000008004710                TIM8_BRK_IRQHandler
                0x0000000008004710                CAN1_SCE_IRQHandler
                0x0000000008004710                FLASH_IRQHandler
                0x0000000008004710                USART1_IRQHandler
                0x0000000008004710                SPI3_IRQHandler
                0x0000000008004710                I2C1_ER_IRQHandler
                0x0000000008004710                USBWakeUp_IRQHandler
                0x0000000008004710                DMA2_Channel3_IRQHandler
 *fill*         0x0000000008004712        0x2 
 .text.HAL_Init
                0x0000000008004714       0x2c ./Drivers/STM32F1xx_HAL_Driver/Src/stm32f1xx_hal.o
                0x0000000008004714                HAL_Init
 .text.HAL_InitTick
                0x0000000008004740       0x60 ./Drivers/STM32F1xx_HAL_Driver/Src/stm32f1xx_hal.o
                0x0000000008004740                HAL_InitTick
 .text.HAL_IncTick
                0x00000000080047a0       0x24 ./Drivers/STM32F1xx_HAL_Driver/Src/stm32f1xx_hal.o
                0x00000000080047a0                HAL_IncTick
 .text.HAL_GetTick
                0x00000000080047c4       0x14 ./Drivers/STM32F1xx_HAL_Driver/Src/stm32f1xx_hal.o
                0x00000000080047c4                HAL_GetTick
 .text.HAL_Delay
                0x00000000080047d8       0x48 ./Drivers/STM32F1xx_HAL_Driver/Src/stm32f1xx_hal.o
                0x00000000080047d8                HAL_Delay
 .text.__NVIC_SetPriorityGrouping
                0x0000000008004820       0x48 ./Drivers/STM32F1xx_HAL_Driver/Src/stm32f1xx_hal_cortex.o
 .text.__NVIC_GetPriorityGrouping
                0x0000000008004868       0x1c ./Drivers/STM32F1xx_HAL_Driver/Src/stm32f1xx_hal_cortex.o
 .text.__NVIC_EnableIRQ
                0x0000000008004884       0x38 ./Drivers/STM32F1xx_HAL_Driver/Src/stm32f1xx_hal_cortex.o
 .text.__NVIC_SetPriority
                0x00000000080048bc       0x54 ./Drivers/STM32F1xx_HAL_Driver/Src/stm32f1xx_hal_cortex.o
 .text.NVIC_EncodePriority
                0x0000000008004910       0x64 ./Drivers/STM32F1xx_HAL_Driver/Src/stm32f1xx_hal_cortex.o
 .text.SysTick_Config
                0x0000000008004974       0x44 ./Drivers/STM32F1xx_HAL_Driver/Src/stm32f1xx_hal_cortex.o
 .text.HAL_NVIC_SetPriorityGrouping
                0x00000000080049b8       0x16 ./Drivers/STM32F1xx_HAL_Driver/Src/stm32f1xx_hal_cortex.o
                0x00000000080049b8                HAL_NVIC_SetPriorityGrouping
 .text.HAL_NVIC_SetPriority
                0x00000000080049ce       0x38 ./Drivers/STM32F1xx_HAL_Driver/Src/stm32f1xx_hal_cortex.o
                0x00000000080049ce                HAL_NVIC_SetPriority
 .text.HAL_NVIC_EnableIRQ
                0x0000000008004a06       0x1c ./Drivers/STM32F1xx_HAL_Driver/Src/stm32f1xx_hal_cortex.o
                0x0000000008004a06                HAL_NVIC_EnableIRQ
 .text.HAL_SYSTICK_Config
                0x0000000008004a22       0x18 ./Drivers/STM32F1xx_HAL_Driver/Src/stm32f1xx_hal_cortex.o
                0x0000000008004a22                HAL_SYSTICK_Config
 *fill*         0x0000000008004a3a        0x2 
 .text.HAL_GPIO_Init
                0x0000000008004a3c      0x328 ./Drivers/STM32F1xx_HAL_Driver/Src/stm32f1xx_hal_gpio.o
                0x0000000008004a3c                HAL_GPIO_Init
 .text.HAL_GPIO_ReadPin
                0x0000000008004d64       0x2e ./Drivers/STM32F1xx_HAL_Driver/Src/stm32f1xx_hal_gpio.o
                0x0000000008004d64                HAL_GPIO_ReadPin
 .text.HAL_GPIO_WritePin
                0x0000000008004d92       0x30 ./Drivers/STM32F1xx_HAL_Driver/Src/stm32f1xx_hal_gpio.o
                0x0000000008004d92                HAL_GPIO_WritePin
 *fill*         0x0000000008004dc2        0x2 
 .text.HAL_GPIO_EXTI_IRQHandler
                0x0000000008004dc4       0x30 ./Drivers/STM32F1xx_HAL_Driver/Src/stm32f1xx_hal_gpio.o
                0x0000000008004dc4                HAL_GPIO_EXTI_IRQHandler
 .text.HAL_RCC_OscConfig
                0x0000000008004df4      0x504 ./Drivers/STM32F1xx_HAL_Driver/Src/stm32f1xx_hal_rcc.o
                0x0000000008004df4                HAL_RCC_OscConfig
 .text.HAL_RCC_ClockConfig
                0x00000000080052f8      0x1d4 ./Drivers/STM32F1xx_HAL_Driver/Src/stm32f1xx_hal_rcc.o
                0x00000000080052f8                HAL_RCC_ClockConfig
 .text.HAL_RCC_GetSysClockFreq
                0x00000000080054cc       0xbc ./Drivers/STM32F1xx_HAL_Driver/Src/stm32f1xx_hal_rcc.o
                0x00000000080054cc                HAL_RCC_GetSysClockFreq
 .text.HAL_RCC_GetHCLKFreq
                0x0000000008005588       0x14 ./Drivers/STM32F1xx_HAL_Driver/Src/stm32f1xx_hal_rcc.o
                0x0000000008005588                HAL_RCC_GetHCLKFreq
 .text.HAL_RCC_GetPCLK1Freq
                0x000000000800559c       0x28 ./Drivers/STM32F1xx_HAL_Driver/Src/stm32f1xx_hal_rcc.o
                0x000000000800559c                HAL_RCC_GetPCLK1Freq
 .text.HAL_RCC_GetPCLK2Freq
                0x00000000080055c4       0x28 ./Drivers/STM32F1xx_HAL_Driver/Src/stm32f1xx_hal_rcc.o
                0x00000000080055c4                HAL_RCC_GetPCLK2Freq
 .text.RCC_Delay
                0x00000000080055ec       0x3c ./Drivers/STM32F1xx_HAL_Driver/Src/stm32f1xx_hal_rcc.o
 .text.HAL_SPI_Init
                0x0000000008005628      0x108 ./Drivers/STM32F1xx_HAL_Driver/Src/stm32f1xx_hal_spi.o
                0x0000000008005628                HAL_SPI_Init
 .text.HAL_SPI_TransmitReceive
                0x0000000008005730      0x344 ./Drivers/STM32F1xx_HAL_Driver/Src/stm32f1xx_hal_spi.o
                0x0000000008005730                HAL_SPI_TransmitReceive
 .text.SPI_WaitFlagStateUntilTimeout
                0x0000000008005a74      0x110 ./Drivers/STM32F1xx_HAL_Driver/Src/stm32f1xx_hal_spi.o
 .text.SPI_EndRxTxTransaction
                0x0000000008005b84       0x3c ./Drivers/STM32F1xx_HAL_Driver/Src/stm32f1xx_hal_spi.o
 .text.HAL_SRAM_Init
                0x0000000008005bc0       0x9a ./Drivers/STM32F1xx_HAL_Driver/Src/stm32f1xx_hal_sram.o
                0x0000000008005bc0                HAL_SRAM_Init
 .text.HAL_TIM_Base_Init
                0x0000000008005c5a       0x9e ./Drivers/STM32F1xx_HAL_Driver/Src/stm32f1xx_hal_tim.o
                0x0000000008005c5a                HAL_TIM_Base_Init
 .text.HAL_TIM_Base_Start_IT
                0x0000000008005cf8       0xc0 ./Drivers/STM32F1xx_HAL_Driver/Src/stm32f1xx_hal_tim.o
                0x0000000008005cf8                HAL_TIM_Base_Start_IT
 .text.HAL_TIM_Base_Stop_IT
                0x0000000008005db8       0x5c ./Drivers/STM32F1xx_HAL_Driver/Src/stm32f1xx_hal_tim.o
                0x0000000008005db8                HAL_TIM_Base_Stop_IT
 .text.HAL_TIM_IRQHandler
                0x0000000008005e14      0x210 ./Drivers/STM32F1xx_HAL_Driver/Src/stm32f1xx_hal_tim.o
                0x0000000008005e14                HAL_TIM_IRQHandler
 .text.HAL_TIM_OC_DelayElapsedCallback
                0x0000000008006024       0x12 ./Drivers/STM32F1xx_HAL_Driver/Src/stm32f1xx_hal_tim.o
                0x0000000008006024                HAL_TIM_OC_DelayElapsedCallback
 .text.HAL_TIM_IC_CaptureCallback
                0x0000000008006036       0x12 ./Drivers/STM32F1xx_HAL_Driver/Src/stm32f1xx_hal_tim.o
                0x0000000008006036                HAL_TIM_IC_CaptureCallback
 .text.HAL_TIM_PWM_PulseFinishedCallback
                0x0000000008006048       0x12 ./Drivers/STM32F1xx_HAL_Driver/Src/stm32f1xx_hal_tim.o
                0x0000000008006048                HAL_TIM_PWM_PulseFinishedCallback
 .text.HAL_TIM_TriggerCallback
                0x000000000800605a       0x12 ./Drivers/STM32F1xx_HAL_Driver/Src/stm32f1xx_hal_tim.o
                0x000000000800605a                HAL_TIM_TriggerCallback
 .text.TIM_Base_SetConfig
                0x000000000800606c       0xf4 ./Drivers/STM32F1xx_HAL_Driver/Src/stm32f1xx_hal_tim.o
                0x000000000800606c                TIM_Base_SetConfig
 .text.HAL_TIMEx_MasterConfigSynchronization
                0x0000000008006160       0xd8 ./Drivers/STM32F1xx_HAL_Driver/Src/stm32f1xx_hal_tim_ex.o
                0x0000000008006160                HAL_TIMEx_MasterConfigSynchronization
 .text.HAL_TIMEx_CommutCallback
                0x0000000008006238       0x12 ./Drivers/STM32F1xx_HAL_Driver/Src/stm32f1xx_hal_tim_ex.o
                0x0000000008006238                HAL_TIMEx_CommutCallback
 .text.HAL_TIMEx_BreakCallback
                0x000000000800624a       0x12 ./Drivers/STM32F1xx_HAL_Driver/Src/stm32f1xx_hal_tim_ex.o
                0x000000000800624a                HAL_TIMEx_BreakCallback
 .text.HAL_UART_Init
                0x000000000800625c       0x9a ./Drivers/STM32F1xx_HAL_Driver/Src/stm32f1xx_hal_uart.o
                0x000000000800625c                HAL_UART_Init
 .text.HAL_UART_Transmit
                0x00000000080062f6      0x124 ./Drivers/STM32F1xx_HAL_Driver/Src/stm32f1xx_hal_uart.o
                0x00000000080062f6                HAL_UART_Transmit
 .text.UART_WaitOnFlagUntilTimeout
                0x000000000800641a       0x94 ./Drivers/STM32F1xx_HAL_Driver/Src/stm32f1xx_hal_uart.o
 *fill*         0x00000000080064ae        0x2 
 .text.UART_SetConfig
                0x00000000080064b0      0x11c ./Drivers/STM32F1xx_HAL_Driver/Src/stm32f1xx_hal_uart.o
 .text.FSMC_NORSRAM_Init
                0x00000000080065cc       0xd4 ./Drivers/STM32F1xx_HAL_Driver/Src/stm32f1xx_ll_fsmc.o
                0x00000000080065cc                FSMC_NORSRAM_Init
 .text.FSMC_NORSRAM_Timing_Init
                0x00000000080066a0       0x68 ./Drivers/STM32F1xx_HAL_Driver/Src/stm32f1xx_ll_fsmc.o
                0x00000000080066a0                FSMC_NORSRAM_Timing_Init
 .text.FSMC_NORSRAM_Extended_Timing_Init
                0x0000000008006708       0x70 ./Drivers/STM32F1xx_HAL_Driver/Src/stm32f1xx_ll_fsmc.o
                0x0000000008006708                FSMC_NORSRAM_Extended_Timing_Init
 .text.__errno  0x0000000008006778        0xc d:/software/stm32cubeide_1.9.0/stm32cubeide/plugins/com.st.stm32cube.ide.mcu.externaltools.gnu-tools-for-stm32.10.3-2021.10.win32_1.0.0.202111181127/tools/bin/../lib/gcc/arm-none-eabi/10.3.1/../../../../arm-none-eabi/lib/thumb/v7-m/nofp\libc_nano.a(lib_a-errno.o)
                0x0000000008006778                __errno
 .text.__libc_init_array
                0x0000000008006784       0x48 d:/software/stm32cubeide_1.9.0/stm32cubeide/plugins/com.st.stm32cube.ide.mcu.externaltools.gnu-tools-for-stm32.10.3-2021.10.win32_1.0.0.202111181127/tools/bin/../lib/gcc/arm-none-eabi/10.3.1/../../../../arm-none-eabi/lib/thumb/v7-m/nofp\libc_nano.a(lib_a-init.o)
                0x0000000008006784                __libc_init_array
 .text.memcpy   0x00000000080067cc       0x1c d:/software/stm32cubeide_1.9.0/stm32cubeide/plugins/com.st.stm32cube.ide.mcu.externaltools.gnu-tools-for-stm32.10.3-2021.10.win32_1.0.0.202111181127/tools/bin/../lib/gcc/arm-none-eabi/10.3.1/../../../../arm-none-eabi/lib/thumb/v7-m/nofp\libc_nano.a(lib_a-memcpy-stub.o)
                0x00000000080067cc                memcpy
 .text.memset   0x00000000080067e8       0x10 d:/software/stm32cubeide_1.9.0/stm32cubeide/plugins/com.st.stm32cube.ide.mcu.externaltools.gnu-tools-for-stm32.10.3-2021.10.win32_1.0.0.202111181127/tools/bin/../lib/gcc/arm-none-eabi/10.3.1/../../../../arm-none-eabi/lib/thumb/v7-m/nofp\libc_nano.a(lib_a-memset.o)
                0x00000000080067e8                memset
 .text._puts_r  0x00000000080067f8       0xdc d:/software/stm32cubeide_1.9.0/stm32cubeide/plugins/com.st.stm32cube.ide.mcu.externaltools.gnu-tools-for-stm32.10.3-2021.10.win32_1.0.0.202111181127/tools/bin/../lib/gcc/arm-none-eabi/10.3.1/../../../../arm-none-eabi/lib/thumb/v7-m/nofp\libc_nano.a(lib_a-puts.o)
                0x00000000080067f8                _puts_r
 .text.puts     0x00000000080068d4       0x10 d:/software/stm32cubeide_1.9.0/stm32cubeide/plugins/com.st.stm32cube.ide.mcu.externaltools.gnu-tools-for-stm32.10.3-2021.10.win32_1.0.0.202111181127/tools/bin/../lib/gcc/arm-none-eabi/10.3.1/../../../../arm-none-eabi/lib/thumb/v7-m/nofp\libc_nano.a(lib_a-puts.o)
                0x00000000080068d4                puts
 .text.sprintf  0x00000000080068e4       0x40 d:/software/stm32cubeide_1.9.0/stm32cubeide/plugins/com.st.stm32cube.ide.mcu.externaltools.gnu-tools-for-stm32.10.3-2021.10.win32_1.0.0.202111181127/tools/bin/../lib/gcc/arm-none-eabi/10.3.1/../../../../arm-none-eabi/lib/thumb/v7-m/nofp\libc_nano.a(lib_a-sprintf.o)
                0x00000000080068e4                siprintf
                0x00000000080068e4                sprintf
 .text.__swbuf_r
                0x0000000008006924       0xa4 d:/software/stm32cubeide_1.9.0/stm32cubeide/plugins/com.st.stm32cube.ide.mcu.externaltools.gnu-tools-for-stm32.10.3-2021.10.win32_1.0.0.202111181127/tools/bin/../lib/gcc/arm-none-eabi/10.3.1/../../../../arm-none-eabi/lib/thumb/v7-m/nofp\libc_nano.a(lib_a-wbuf.o)
                0x0000000008006924                __swbuf_r
 .text.__swsetup_r
                0x00000000080069c8       0xdc d:/software/stm32cubeide_1.9.0/stm32cubeide/plugins/com.st.stm32cube.ide.mcu.externaltools.gnu-tools-for-stm32.10.3-2021.10.win32_1.0.0.202111181127/tools/bin/../lib/gcc/arm-none-eabi/10.3.1/../../../../arm-none-eabi/lib/thumb/v7-m/nofp\libc_nano.a(lib_a-wsetup.o)
                0x00000000080069c8                __swsetup_r
 .text.__sflush_r
                0x0000000008006aa4      0x104 d:/software/stm32cubeide_1.9.0/stm32cubeide/plugins/com.st.stm32cube.ide.mcu.externaltools.gnu-tools-for-stm32.10.3-2021.10.win32_1.0.0.202111181127/tools/bin/../lib/gcc/arm-none-eabi/10.3.1/../../../../arm-none-eabi/lib/thumb/v7-m/nofp\libc_nano.a(lib_a-fflush.o)
                0x0000000008006aa4                __sflush_r
 .text._fflush_r
                0x0000000008006ba8       0x78 d:/software/stm32cubeide_1.9.0/stm32cubeide/plugins/com.st.stm32cube.ide.mcu.externaltools.gnu-tools-for-stm32.10.3-2021.10.win32_1.0.0.202111181127/tools/bin/../lib/gcc/arm-none-eabi/10.3.1/../../../../arm-none-eabi/lib/thumb/v7-m/nofp\libc_nano.a(lib_a-fflush.o)
                0x0000000008006ba8                _fflush_r
 .text.std      0x0000000008006c20       0x48 d:/software/stm32cubeide_1.9.0/stm32cubeide/plugins/com.st.stm32cube.ide.mcu.externaltools.gnu-tools-for-stm32.10.3-2021.10.win32_1.0.0.202111181127/tools/bin/../lib/gcc/arm-none-eabi/10.3.1/../../../../arm-none-eabi/lib/thumb/v7-m/nofp\libc_nano.a(lib_a-findfp.o)
 .text._cleanup_r
                0x0000000008006c68        0xc d:/software/stm32cubeide_1.9.0/stm32cubeide/plugins/com.st.stm32cube.ide.mcu.externaltools.gnu-tools-for-stm32.10.3-2021.10.win32_1.0.0.202111181127/tools/bin/../lib/gcc/arm-none-eabi/10.3.1/../../../../arm-none-eabi/lib/thumb/v7-m/nofp\libc_nano.a(lib_a-findfp.o)
                0x0000000008006c68                _cleanup_r
 .text.__sfmoreglue
                0x0000000008006c74       0x2c d:/software/stm32cubeide_1.9.0/stm32cubeide/plugins/com.st.stm32cube.ide.mcu.externaltools.gnu-tools-for-stm32.10.3-2021.10.win32_1.0.0.202111181127/tools/bin/../lib/gcc/arm-none-eabi/10.3.1/../../../../arm-none-eabi/lib/thumb/v7-m/nofp\libc_nano.a(lib_a-findfp.o)
                0x0000000008006c74                __sfmoreglue
 .text.__sfp_lock_acquire
                0x0000000008006ca0        0xc d:/software/stm32cubeide_1.9.0/stm32cubeide/plugins/com.st.stm32cube.ide.mcu.externaltools.gnu-tools-for-stm32.10.3-2021.10.win32_1.0.0.202111181127/tools/bin/../lib/gcc/arm-none-eabi/10.3.1/../../../../arm-none-eabi/lib/thumb/v7-m/nofp\libc_nano.a(lib_a-findfp.o)
                0x0000000008006ca0                __sfp_lock_acquire
 .text.__sfp_lock_release
                0x0000000008006cac        0xc d:/software/stm32cubeide_1.9.0/stm32cubeide/plugins/com.st.stm32cube.ide.mcu.externaltools.gnu-tools-for-stm32.10.3-2021.10.win32_1.0.0.202111181127/tools/bin/../lib/gcc/arm-none-eabi/10.3.1/../../../../arm-none-eabi/lib/thumb/v7-m/nofp\libc_nano.a(lib_a-findfp.o)
                0x0000000008006cac                __sfp_lock_release
 .text.__sinit_lock_acquire
                0x0000000008006cb8        0xc d:/software/stm32cubeide_1.9.0/stm32cubeide/plugins/com.st.stm32cube.ide.mcu.externaltools.gnu-tools-for-stm32.10.3-2021.10.win32_1.0.0.202111181127/tools/bin/../lib/gcc/arm-none-eabi/10.3.1/../../../../arm-none-eabi/lib/thumb/v7-m/nofp\libc_nano.a(lib_a-findfp.o)
                0x0000000008006cb8                __sinit_lock_acquire
 .text.__sinit_lock_release
                0x0000000008006cc4        0xc d:/software/stm32cubeide_1.9.0/stm32cubeide/plugins/com.st.stm32cube.ide.mcu.externaltools.gnu-tools-for-stm32.10.3-2021.10.win32_1.0.0.202111181127/tools/bin/../lib/gcc/arm-none-eabi/10.3.1/../../../../arm-none-eabi/lib/thumb/v7-m/nofp\libc_nano.a(lib_a-findfp.o)
                0x0000000008006cc4                __sinit_lock_release
 .text.__sinit  0x0000000008006cd0       0x70 d:/software/stm32cubeide_1.9.0/stm32cubeide/plugins/com.st.stm32cube.ide.mcu.externaltools.gnu-tools-for-stm32.10.3-2021.10.win32_1.0.0.202111181127/tools/bin/../lib/gcc/arm-none-eabi/10.3.1/../../../../arm-none-eabi/lib/thumb/v7-m/nofp\libc_nano.a(lib_a-findfp.o)
                0x0000000008006cd0                __sinit
 .text.__sfp    0x0000000008006d40       0x8c d:/software/stm32cubeide_1.9.0/stm32cubeide/plugins/com.st.stm32cube.ide.mcu.externaltools.gnu-tools-for-stm32.10.3-2021.10.win32_1.0.0.202111181127/tools/bin/../lib/gcc/arm-none-eabi/10.3.1/../../../../arm-none-eabi/lib/thumb/v7-m/nofp\libc_nano.a(lib_a-findfp.o)
                0x0000000008006d40                __sfp
 .text._fwalk_reent
                0x0000000008006dcc       0x3e d:/software/stm32cubeide_1.9.0/stm32cubeide/plugins/com.st.stm32cube.ide.mcu.externaltools.gnu-tools-for-stm32.10.3-2021.10.win32_1.0.0.202111181127/tools/bin/../lib/gcc/arm-none-eabi/10.3.1/../../../../arm-none-eabi/lib/thumb/v7-m/nofp\libc_nano.a(lib_a-fwalk.o)
                0x0000000008006dcc                _fwalk_reent
 .text.__retarget_lock_init_recursive
                0x0000000008006e0a        0x2 d:/software/stm32cubeide_1.9.0/stm32cubeide/plugins/com.st.stm32cube.ide.mcu.externaltools.gnu-tools-for-stm32.10.3-2021.10.win32_1.0.0.202111181127/tools/bin/../lib/gcc/arm-none-eabi/10.3.1/../../../../arm-none-eabi/lib/thumb/v7-m/nofp\libc_nano.a(lib_a-lock.o)
                0x0000000008006e0a                __retarget_lock_init_recursive
 .text.__retarget_lock_acquire_recursive
                0x0000000008006e0c        0x2 d:/software/stm32cubeide_1.9.0/stm32cubeide/plugins/com.st.stm32cube.ide.mcu.externaltools.gnu-tools-for-stm32.10.3-2021.10.win32_1.0.0.202111181127/tools/bin/../lib/gcc/arm-none-eabi/10.3.1/../../../../arm-none-eabi/lib/thumb/v7-m/nofp\libc_nano.a(lib_a-lock.o)
                0x0000000008006e0c                __retarget_lock_acquire_recursive
 .text.__retarget_lock_release_recursive
                0x0000000008006e0e        0x2 d:/software/stm32cubeide_1.9.0/stm32cubeide/plugins/com.st.stm32cube.ide.mcu.externaltools.gnu-tools-for-stm32.10.3-2021.10.win32_1.0.0.202111181127/tools/bin/../lib/gcc/arm-none-eabi/10.3.1/../../../../arm-none-eabi/lib/thumb/v7-m/nofp\libc_nano.a(lib_a-lock.o)
                0x0000000008006e0e                __retarget_lock_release_recursive
 .text.__swhatbuf_r
                0x0000000008006e10       0x4a d:/software/stm32cubeide_1.9.0/stm32cubeide/plugins/com.st.stm32cube.ide.mcu.externaltools.gnu-tools-for-stm32.10.3-2021.10.win32_1.0.0.202111181127/tools/bin/../lib/gcc/arm-none-eabi/10.3.1/../../../../arm-none-eabi/lib/thumb/v7-m/nofp\libc_nano.a(lib_a-makebuf.o)
                0x0000000008006e10                __swhatbuf_r
 *fill*         0x0000000008006e5a        0x2 
 .text.__smakebuf_r
                0x0000000008006e5c       0x80 d:/software/stm32cubeide_1.9.0/stm32cubeide/plugins/com.st.stm32cube.ide.mcu.externaltools.gnu-tools-for-stm32.10.3-2021.10.win32_1.0.0.202111181127/tools/bin/../lib/gcc/arm-none-eabi/10.3.1/../../../../arm-none-eabi/lib/thumb/v7-m/nofp\libc_nano.a(lib_a-makebuf.o)
                0x0000000008006e5c                __smakebuf_r
 .text._free_r  0x0000000008006edc       0x90 d:/software/stm32cubeide_1.9.0/stm32cubeide/plugins/com.st.stm32cube.ide.mcu.externaltools.gnu-tools-for-stm32.10.3-2021.10.win32_1.0.0.202111181127/tools/bin/../lib/gcc/arm-none-eabi/10.3.1/../../../../arm-none-eabi/lib/thumb/v7-m/nofp\libc_nano.a(lib_a-nano-freer.o)
                0x0000000008006edc                _free_r
 .text.sbrk_aligned
                0x0000000008006f6c       0x40 d:/software/stm32cubeide_1.9.0/stm32cubeide/plugins/com.st.stm32cube.ide.mcu.externaltools.gnu-tools-for-stm32.10.3-2021.10.win32_1.0.0.202111181127/tools/bin/../lib/gcc/arm-none-eabi/10.3.1/../../../../arm-none-eabi/lib/thumb/v7-m/nofp\libc_nano.a(lib_a-nano-mallocr.o)
 .text._malloc_r
                0x0000000008006fac       0xe8 d:/software/stm32cubeide_1.9.0/stm32cubeide/plugins/com.st.stm32cube.ide.mcu.externaltools.gnu-tools-for-stm32.10.3-2021.10.win32_1.0.0.202111181127/tools/bin/../lib/gcc/arm-none-eabi/10.3.1/../../../../arm-none-eabi/lib/thumb/v7-m/nofp\libc_nano.a(lib_a-nano-mallocr.o)
                0x0000000008006fac                _malloc_r
 .text.__ssputs_r
                0x0000000008007094       0xb6 d:/software/stm32cubeide_1.9.0/stm32cubeide/plugins/com.st.stm32cube.ide.mcu.externaltools.gnu-tools-for-stm32.10.3-2021.10.win32_1.0.0.202111181127/tools/bin/../lib/gcc/arm-none-eabi/10.3.1/../../../../arm-none-eabi/lib/thumb/v7-m/nofp\libc_nano.a(lib_a-nano-svfprintf.o)
                0x0000000008007094                __ssputs_r
 *fill*         0x000000000800714a        0x2 
 .text._svfprintf_r
                0x000000000800714c      0x200 d:/software/stm32cubeide_1.9.0/stm32cubeide/plugins/com.st.stm32cube.ide.mcu.externaltools.gnu-tools-for-stm32.10.3-2021.10.win32_1.0.0.202111181127/tools/bin/../lib/gcc/arm-none-eabi/10.3.1/../../../../arm-none-eabi/lib/thumb/v7-m/nofp\libc_nano.a(lib_a-nano-svfprintf.o)
                0x000000000800714c                _svfiprintf_r
                0x000000000800714c                _svfprintf_r
 .text._printf_common
                0x000000000800734c       0xde d:/software/stm32cubeide_1.9.0/stm32cubeide/plugins/com.st.stm32cube.ide.mcu.externaltools.gnu-tools-for-stm32.10.3-2021.10.win32_1.0.0.202111181127/tools/bin/../lib/gcc/arm-none-eabi/10.3.1/../../../../arm-none-eabi/lib/thumb/v7-m/nofp\libc_nano.a(lib_a-nano-vfprintf_i.o)
                0x000000000800734c                _printf_common
 *fill*         0x000000000800742a        0x2 
 .text._printf_i
                0x000000000800742c      0x24c d:/software/stm32cubeide_1.9.0/stm32cubeide/plugins/com.st.stm32cube.ide.mcu.externaltools.gnu-tools-for-stm32.10.3-2021.10.win32_1.0.0.202111181127/tools/bin/../lib/gcc/arm-none-eabi/10.3.1/../../../../arm-none-eabi/lib/thumb/v7-m/nofp\libc_nano.a(lib_a-nano-vfprintf_i.o)
                0x000000000800742c                _printf_i
 .text._sbrk_r  0x0000000008007678       0x20 d:/software/stm32cubeide_1.9.0/stm32cubeide/plugins/com.st.stm32cube.ide.mcu.externaltools.gnu-tools-for-stm32.10.3-2021.10.win32_1.0.0.202111181127/tools/bin/../lib/gcc/arm-none-eabi/10.3.1/../../../../arm-none-eabi/lib/thumb/v7-m/nofp\libc_nano.a(lib_a-sbrkr.o)
                0x0000000008007678                _sbrk_r
 .text.__sread  0x0000000008007698       0x22 d:/software/stm32cubeide_1.9.0/stm32cubeide/plugins/com.st.stm32cube.ide.mcu.externaltools.gnu-tools-for-stm32.10.3-2021.10.win32_1.0.0.202111181127/tools/bin/../lib/gcc/arm-none-eabi/10.3.1/../../../../arm-none-eabi/lib/thumb/v7-m/nofp\libc_nano.a(lib_a-stdio.o)
                0x0000000008007698                __sread
 .text.__swrite
                0x00000000080076ba       0x38 d:/software/stm32cubeide_1.9.0/stm32cubeide/plugins/com.st.stm32cube.ide.mcu.externaltools.gnu-tools-for-stm32.10.3-2021.10.win32_1.0.0.202111181127/tools/bin/../lib/gcc/arm-none-eabi/10.3.1/../../../../arm-none-eabi/lib/thumb/v7-m/nofp\libc_nano.a(lib_a-stdio.o)
                0x00000000080076ba                __swrite
 .text.__sseek  0x00000000080076f2       0x24 d:/software/stm32cubeide_1.9.0/stm32cubeide/plugins/com.st.stm32cube.ide.mcu.externaltools.gnu-tools-for-stm32.10.3-2021.10.win32_1.0.0.202111181127/tools/bin/../lib/gcc/arm-none-eabi/10.3.1/../../../../arm-none-eabi/lib/thumb/v7-m/nofp\libc_nano.a(lib_a-stdio.o)
                0x00000000080076f2                __sseek
 .text.__sclose
                0x0000000008007716        0x8 d:/software/stm32cubeide_1.9.0/stm32cubeide/plugins/com.st.stm32cube.ide.mcu.externaltools.gnu-tools-for-stm32.10.3-2021.10.win32_1.0.0.202111181127/tools/bin/../lib/gcc/arm-none-eabi/10.3.1/../../../../arm-none-eabi/lib/thumb/v7-m/nofp\libc_nano.a(lib_a-stdio.o)
                0x0000000008007716                __sclose
 *fill*         0x000000000800771e        0x2 
 .text._write_r
                0x0000000008007720       0x24 d:/software/stm32cubeide_1.9.0/stm32cubeide/plugins/com.st.stm32cube.ide.mcu.externaltools.gnu-tools-for-stm32.10.3-2021.10.win32_1.0.0.202111181127/tools/bin/../lib/gcc/arm-none-eabi/10.3.1/../../../../arm-none-eabi/lib/thumb/v7-m/nofp\libc_nano.a(lib_a-writer.o)
                0x0000000008007720                _write_r
 .text._close_r
                0x0000000008007744       0x20 d:/software/stm32cubeide_1.9.0/stm32cubeide/plugins/com.st.stm32cube.ide.mcu.externaltools.gnu-tools-for-stm32.10.3-2021.10.win32_1.0.0.202111181127/tools/bin/../lib/gcc/arm-none-eabi/10.3.1/../../../../arm-none-eabi/lib/thumb/v7-m/nofp\libc_nano.a(lib_a-closer.o)
                0x0000000008007744                _close_r
 .text._fstat_r
                0x0000000008007764       0x24 d:/software/stm32cubeide_1.9.0/stm32cubeide/plugins/com.st.stm32cube.ide.mcu.externaltools.gnu-tools-for-stm32.10.3-2021.10.win32_1.0.0.202111181127/tools/bin/../lib/gcc/arm-none-eabi/10.3.1/../../../../arm-none-eabi/lib/thumb/v7-m/nofp\libc_nano.a(lib_a-fstatr.o)
                0x0000000008007764                _fstat_r
 .text._isatty_r
                0x0000000008007788       0x20 d:/software/stm32cubeide_1.9.0/stm32cubeide/plugins/com.st.stm32cube.ide.mcu.externaltools.gnu-tools-for-stm32.10.3-2021.10.win32_1.0.0.202111181127/tools/bin/../lib/gcc/arm-none-eabi/10.3.1/../../../../arm-none-eabi/lib/thumb/v7-m/nofp\libc_nano.a(lib_a-isattyr.o)
                0x0000000008007788                _isatty_r
 .text._lseek_r
                0x00000000080077a8       0x24 d:/software/stm32cubeide_1.9.0/stm32cubeide/plugins/com.st.stm32cube.ide.mcu.externaltools.gnu-tools-for-stm32.10.3-2021.10.win32_1.0.0.202111181127/tools/bin/../lib/gcc/arm-none-eabi/10.3.1/../../../../arm-none-eabi/lib/thumb/v7-m/nofp\libc_nano.a(lib_a-lseekr.o)
                0x00000000080077a8                _lseek_r
 .text.memchr   0x00000000080077cc       0x1c d:/software/stm32cubeide_1.9.0/stm32cubeide/plugins/com.st.stm32cube.ide.mcu.externaltools.gnu-tools-for-stm32.10.3-2021.10.win32_1.0.0.202111181127/tools/bin/../lib/gcc/arm-none-eabi/10.3.1/../../../../arm-none-eabi/lib/thumb/v7-m/nofp\libc_nano.a(lib_a-memchr-stub.o)
                0x00000000080077cc                memchr
 .text.memmove  0x00000000080077e8       0x34 d:/software/stm32cubeide_1.9.0/stm32cubeide/plugins/com.st.stm32cube.ide.mcu.externaltools.gnu-tools-for-stm32.10.3-2021.10.win32_1.0.0.202111181127/tools/bin/../lib/gcc/arm-none-eabi/10.3.1/../../../../arm-none-eabi/lib/thumb/v7-m/nofp\libc_nano.a(lib_a-memmove.o)
                0x00000000080077e8                memmove
 .text.__malloc_lock
                0x000000000800781c        0xc d:/software/stm32cubeide_1.9.0/stm32cubeide/plugins/com.st.stm32cube.ide.mcu.externaltools.gnu-tools-for-stm32.10.3-2021.10.win32_1.0.0.202111181127/tools/bin/../lib/gcc/arm-none-eabi/10.3.1/../../../../arm-none-eabi/lib/thumb/v7-m/nofp\libc_nano.a(lib_a-mlock.o)
                0x000000000800781c                __malloc_lock
 .text.__malloc_unlock
                0x0000000008007828        0xc d:/software/stm32cubeide_1.9.0/stm32cubeide/plugins/com.st.stm32cube.ide.mcu.externaltools.gnu-tools-for-stm32.10.3-2021.10.win32_1.0.0.202111181127/tools/bin/../lib/gcc/arm-none-eabi/10.3.1/../../../../arm-none-eabi/lib/thumb/v7-m/nofp\libc_nano.a(lib_a-mlock.o)
                0x0000000008007828                __malloc_unlock
 .text._realloc_r
                0x0000000008007834       0x5e d:/software/stm32cubeide_1.9.0/stm32cubeide/plugins/com.st.stm32cube.ide.mcu.externaltools.gnu-tools-for-stm32.10.3-2021.10.win32_1.0.0.202111181127/tools/bin/../lib/gcc/arm-none-eabi/10.3.1/../../../../arm-none-eabi/lib/thumb/v7-m/nofp\libc_nano.a(lib_a-nano-reallocr.o)
                0x0000000008007834                _realloc_r
 *fill*         0x0000000008007892        0x2 
 .text._read_r  0x0000000008007894       0x24 d:/software/stm32cubeide_1.9.0/stm32cubeide/plugins/com.st.stm32cube.ide.mcu.externaltools.gnu-tools-for-stm32.10.3-2021.10.win32_1.0.0.202111181127/tools/bin/../lib/gcc/arm-none-eabi/10.3.1/../../../../arm-none-eabi/lib/thumb/v7-m/nofp\libc_nano.a(lib_a-readr.o)
                0x0000000008007894                _read_r
 .text._malloc_usable_size_r
                0x00000000080078b8       0x10 d:/software/stm32cubeide_1.9.0/stm32cubeide/plugins/com.st.stm32cube.ide.mcu.externaltools.gnu-tools-for-stm32.10.3-2021.10.win32_1.0.0.202111181127/tools/bin/../lib/gcc/arm-none-eabi/10.3.1/../../../../arm-none-eabi/lib/thumb/v7-m/nofp\libc_nano.a(lib_a-nano-msizer.o)
                0x00000000080078b8                _malloc_usable_size_r
 *(.glue_7)
 .glue_7        0x00000000080078c8        0x0 linker stubs
 *(.glue_7t)
 .glue_7t       0x00000000080078c8        0x0 linker stubs
 *(.eh_frame)
 .eh_frame      0x00000000080078c8        0x0 d:/software/stm32cubeide_1.9.0/stm32cubeide/plugins/com.st.stm32cube.ide.mcu.externaltools.gnu-tools-for-stm32.10.3-2021.10.win32_1.0.0.202111181127/tools/bin/../lib/gcc/arm-none-eabi/10.3.1/thumb/v7-m/nofp/crtbegin.o
 *(.init)
 .init          0x00000000080078c8        0x4 d:/software/stm32cubeide_1.9.0/stm32cubeide/plugins/com.st.stm32cube.ide.mcu.externaltools.gnu-tools-for-stm32.10.3-2021.10.win32_1.0.0.202111181127/tools/bin/../lib/gcc/arm-none-eabi/10.3.1/thumb/v7-m/nofp/crti.o
                0x00000000080078c8                _init
 .init          0x00000000080078cc        0x8 d:/software/stm32cubeide_1.9.0/stm32cubeide/plugins/com.st.stm32cube.ide.mcu.externaltools.gnu-tools-for-stm32.10.3-2021.10.win32_1.0.0.202111181127/tools/bin/../lib/gcc/arm-none-eabi/10.3.1/thumb/v7-m/nofp/crtn.o
 *(.fini)
 .fini          0x00000000080078d4        0x4 d:/software/stm32cubeide_1.9.0/stm32cubeide/plugins/com.st.stm32cube.ide.mcu.externaltools.gnu-tools-for-stm32.10.3-2021.10.win32_1.0.0.202111181127/tools/bin/../lib/gcc/arm-none-eabi/10.3.1/thumb/v7-m/nofp/crti.o
                0x00000000080078d4                _fini
 .fini          0x00000000080078d8        0x8 d:/software/stm32cubeide_1.9.0/stm32cubeide/plugins/com.st.stm32cube.ide.mcu.externaltools.gnu-tools-for-stm32.10.3-2021.10.win32_1.0.0.202111181127/tools/bin/../lib/gcc/arm-none-eabi/10.3.1/thumb/v7-m/nofp/crtn.o
                0x00000000080078e0                . = ALIGN (0x4)
                0x00000000080078e0                _etext = .

.vfp11_veneer   0x00000000080078e0        0x0
 .vfp11_veneer  0x00000000080078e0        0x0 linker stubs

.v4_bx          0x00000000080078e0        0x0
 .v4_bx         0x00000000080078e0        0x0 linker stubs

.iplt           0x00000000080078e0        0x0
 .iplt          0x00000000080078e0        0x0 d:/software/stm32cubeide_1.9.0/stm32cubeide/plugins/com.st.stm32cube.ide.mcu.externaltools.gnu-tools-for-stm32.10.3-2021.10.win32_1.0.0.202111181127/tools/bin/../lib/gcc/arm-none-eabi/10.3.1/thumb/v7-m/nofp/crtbegin.o

.rodata         0x00000000080078e0     0x46b0
                0x00000000080078e0                . = ALIGN (0x4)
 *(.rodata)
 .rodata        0x00000000080078e0       0x67 ./Core/Src/flash.o
 *fill*         0x0000000008007947        0x1 
 .rodata        0x0000000008007948        0x8 ./Core/Src/key.o
 .rodata        0x0000000008007950       0x55 ./Core/Src/lcd.o
 *fill*         0x00000000080079a5        0x3 
 .rodata        0x00000000080079a8      0x960 ./Core/Src/maze.o
 .rodata        0x0000000008008308        0x7 ./Core/Src/tim.o
 *fill*         0x000000000800830f        0x1 
 .rodata        0x0000000008008310       0x5e ./Core/Src/touch.o
 *fill*         0x000000000800836e        0x2 
 .rodata        0x0000000008008370       0x10 ./Drivers/STM32F1xx_HAL_Driver/Src/stm32f1xx_hal_rcc.o
 *(.rodata*)
 .rodata.ASCII8x16_Table
                0x0000000008008380      0x5f0 ./Core/Src/fonts.o
                0x0000000008008380                ASCII8x16_Table
 .rodata.ASCII16x24_Table
                0x0000000008008970     0x11d0 ./Core/Src/fonts.o
                0x0000000008008970                ASCII16x24_Table
 .rodata.ASCII24x32_Table
                0x0000000008009b40     0x23a0 ./Core/Src/fonts.o
                0x0000000008009b40                ASCII24x32_Table
 .rodata.AHBPrescTable
                0x000000000800bee0       0x10 ./Core/Src/system_stm32f1xx.o
                0x000000000800bee0                AHBPrescTable
 .rodata.APBPrescTable
                0x000000000800bef0        0x8 ./Core/Src/system_stm32f1xx.o
                0x000000000800bef0                APBPrescTable
 .rodata._global_impure_ptr
                0x000000000800bef8        0x4 d:/software/stm32cubeide_1.9.0/stm32cubeide/plugins/com.st.stm32cube.ide.mcu.externaltools.gnu-tools-for-stm32.10.3-2021.10.win32_1.0.0.202111181127/tools/bin/../lib/gcc/arm-none-eabi/10.3.1/../../../../arm-none-eabi/lib/thumb/v7-m/nofp\libc_nano.a(lib_a-impure.o)
                0x000000000800bef8                _global_impure_ptr
 .rodata.__sf_fake_stderr
                0x000000000800befc       0x20 d:/software/stm32cubeide_1.9.0/stm32cubeide/plugins/com.st.stm32cube.ide.mcu.externaltools.gnu-tools-for-stm32.10.3-2021.10.win32_1.0.0.202111181127/tools/bin/../lib/gcc/arm-none-eabi/10.3.1/../../../../arm-none-eabi/lib/thumb/v7-m/nofp\libc_nano.a(lib_a-findfp.o)
                0x000000000800befc                __sf_fake_stderr
 .rodata.__sf_fake_stdin
                0x000000000800bf1c       0x20 d:/software/stm32cubeide_1.9.0/stm32cubeide/plugins/com.st.stm32cube.ide.mcu.externaltools.gnu-tools-for-stm32.10.3-2021.10.win32_1.0.0.202111181127/tools/bin/../lib/gcc/arm-none-eabi/10.3.1/../../../../arm-none-eabi/lib/thumb/v7-m/nofp\libc_nano.a(lib_a-findfp.o)
                0x000000000800bf1c                __sf_fake_stdin
 .rodata.__sf_fake_stdout
                0x000000000800bf3c       0x20 d:/software/stm32cubeide_1.9.0/stm32cubeide/plugins/com.st.stm32cube.ide.mcu.externaltools.gnu-tools-for-stm32.10.3-2021.10.win32_1.0.0.202111181127/tools/bin/../lib/gcc/arm-none-eabi/10.3.1/../../../../arm-none-eabi/lib/thumb/v7-m/nofp\libc_nano.a(lib_a-findfp.o)
                0x000000000800bf3c                __sf_fake_stdout
 .rodata._svfprintf_r.str1.1
                0x000000000800bf5c       0x11 d:/software/stm32cubeide_1.9.0/stm32cubeide/plugins/com.st.stm32cube.ide.mcu.externaltools.gnu-tools-for-stm32.10.3-2021.10.win32_1.0.0.202111181127/tools/bin/../lib/gcc/arm-none-eabi/10.3.1/../../../../arm-none-eabi/lib/thumb/v7-m/nofp\libc_nano.a(lib_a-nano-svfprintf.o)
 .rodata._printf_i.str1.1
                0x000000000800bf6d       0x22 d:/software/stm32cubeide_1.9.0/stm32cubeide/plugins/com.st.stm32cube.ide.mcu.externaltools.gnu-tools-for-stm32.10.3-2021.10.win32_1.0.0.202111181127/tools/bin/../lib/gcc/arm-none-eabi/10.3.1/../../../../arm-none-eabi/lib/thumb/v7-m/nofp\libc_nano.a(lib_a-nano-vfprintf_i.o)
                0x000000000800bf90                . = ALIGN (0x4)
 *fill*         0x000000000800bf8f        0x1 

.rel.dyn        0x000000000800bf90        0x0
 .rel.iplt      0x000000000800bf90        0x0 d:/software/stm32cubeide_1.9.0/stm32cubeide/plugins/com.st.stm32cube.ide.mcu.externaltools.gnu-tools-for-stm32.10.3-2021.10.win32_1.0.0.202111181127/tools/bin/../lib/gcc/arm-none-eabi/10.3.1/thumb/v7-m/nofp/crtbegin.o

.ARM.extab      0x000000000800bf90        0x0
                0x000000000800bf90                . = ALIGN (0x4)
 *(.ARM.extab* .gnu.linkonce.armextab.*)
                0x000000000800bf90                . = ALIGN (0x4)

.ARM            0x000000000800bf90        0x0
                0x000000000800bf90                . = ALIGN (0x4)
                0x000000000800bf90                __exidx_start = .
 *(.ARM.exidx*)
                0x000000000800bf90                __exidx_end = .
                0x000000000800bf90                . = ALIGN (0x4)

.preinit_array  0x000000000800bf90        0x0
                0x000000000800bf90                . = ALIGN (0x4)
                0x000000000800bf90                PROVIDE (__preinit_array_start = .)
 *(.preinit_array*)
                0x000000000800bf90                PROVIDE (__preinit_array_end = .)
                0x000000000800bf90                . = ALIGN (0x4)

.init_array     0x000000000800bf90        0x4
                0x000000000800bf90                . = ALIGN (0x4)
                0x000000000800bf90                PROVIDE (__init_array_start = .)
 *(SORT_BY_NAME(.init_array.*))
 *(.init_array*)
 .init_array    0x000000000800bf90        0x4 d:/software/stm32cubeide_1.9.0/stm32cubeide/plugins/com.st.stm32cube.ide.mcu.externaltools.gnu-tools-for-stm32.10.3-2021.10.win32_1.0.0.202111181127/tools/bin/../lib/gcc/arm-none-eabi/10.3.1/thumb/v7-m/nofp/crtbegin.o
                0x000000000800bf94                PROVIDE (__init_array_end = .)
                0x000000000800bf94                . = ALIGN (0x4)

.fini_array     0x000000000800bf94        0x4
                0x000000000800bf94                . = ALIGN (0x4)
                [!provide]                        PROVIDE (__fini_array_start = .)
 *(SORT_BY_NAME(.fini_array.*))
 *(.fini_array*)
 .fini_array    0x000000000800bf94        0x4 d:/software/stm32cubeide_1.9.0/stm32cubeide/plugins/com.st.stm32cube.ide.mcu.externaltools.gnu-tools-for-stm32.10.3-2021.10.win32_1.0.0.202111181127/tools/bin/../lib/gcc/arm-none-eabi/10.3.1/thumb/v7-m/nofp/crtbegin.o
                [!provide]                        PROVIDE (__fini_array_end = .)
                0x000000000800bf98                . = ALIGN (0x4)
                0x000000000800bf98                _sidata = LOADADDR (.data)

.data           0x0000000020000000      0x160 load address 0x000000000800bf98
                0x0000000020000000                . = ALIGN (0x4)
                0x0000000020000000                _sdata = .
 *(.data)
 *(.data*)
 .data.Font8x16
                0x0000000020000000        0x8 ./Core/Src/fonts.o
                0x0000000020000000                Font8x16
 .data.Font16x24
                0x0000000020000008        0x8 ./Core/Src/fonts.o
                0x0000000020000008                Font16x24
 .data.Font24x32
                0x0000000020000010        0x8 ./Core/Src/fonts.o
                0x0000000020000010                Font24x32
 .data.LCD_X_LENGTH
                0x0000000020000018        0x2 ./Core/Src/lcd.o
                0x0000000020000018                LCD_X_LENGTH
 .data.LCD_Y_LENGTH
                0x000000002000001a        0x2 ./Core/Src/lcd.o
                0x000000002000001a                LCD_Y_LENGTH
 .data.LCD_SCAN_MODE
                0x000000002000001c        0x1 ./Core/Src/lcd.o
                0x000000002000001c                LCD_SCAN_MODE
 *fill*         0x000000002000001d        0x3 
 .data.LCD_Currentfonts
                0x0000000020000020        0x4 ./Core/Src/lcd.o
 .data.CurrentBackColor
                0x0000000020000024        0x2 ./Core/Src/lcd.o
 *fill*         0x0000000020000026        0x2 
 .data.SystemCoreClock
                0x0000000020000028        0x4 ./Core/Src/system_stm32f1xx.o
                0x0000000020000028                SystemCoreClock
 .data.strXPT2046_TouchPara
                0x000000002000002c       0xc0 ./Core/Src/touch.o
                0x000000002000002c                strXPT2046_TouchPara
 .data.cinfo.0  0x00000000200000ec        0x8 ./Core/Src/touch.o
 .data.uwTickPrio
                0x00000000200000f4        0x4 ./Drivers/STM32F1xx_HAL_Driver/Src/stm32f1xx_hal.o
                0x00000000200000f4                uwTickPrio
 .data.uwTickFreq
                0x00000000200000f8        0x1 ./Drivers/STM32F1xx_HAL_Driver/Src/stm32f1xx_hal.o
                0x00000000200000f8                uwTickFreq
 *fill*         0x00000000200000f9        0x3 
 .data._impure_ptr
                0x00000000200000fc        0x4 d:/software/stm32cubeide_1.9.0/stm32cubeide/plugins/com.st.stm32cube.ide.mcu.externaltools.gnu-tools-for-stm32.10.3-2021.10.win32_1.0.0.202111181127/tools/bin/../lib/gcc/arm-none-eabi/10.3.1/../../../../arm-none-eabi/lib/thumb/v7-m/nofp\libc_nano.a(lib_a-impure.o)
                0x00000000200000fc                _impure_ptr
 .data.impure_data
                0x0000000020000100       0x60 d:/software/stm32cubeide_1.9.0/stm32cubeide/plugins/com.st.stm32cube.ide.mcu.externaltools.gnu-tools-for-stm32.10.3-2021.10.win32_1.0.0.202111181127/tools/bin/../lib/gcc/arm-none-eabi/10.3.1/../../../../arm-none-eabi/lib/thumb/v7-m/nofp\libc_nano.a(lib_a-impure.o)
 *(.RamFunc)
 *(.RamFunc*)
                0x0000000020000160                . = ALIGN (0x4)
                0x0000000020000160                _edata = .

.igot.plt       0x0000000020000160        0x0 load address 0x000000000800c0f8
 .igot.plt      0x0000000020000160        0x0 d:/software/stm32cubeide_1.9.0/stm32cubeide/plugins/com.st.stm32cube.ide.mcu.externaltools.gnu-tools-for-stm32.10.3-2021.10.win32_1.0.0.202111181127/tools/bin/../lib/gcc/arm-none-eabi/10.3.1/thumb/v7-m/nofp/crtbegin.o
                0x0000000020000160                . = ALIGN (0x4)

.bss            0x0000000020000160      0x444 load address 0x000000000800c0f8
                0x0000000020000160                _sbss = .
                0x0000000020000160                __bss_start__ = _sbss
 *(.bss)
 .bss           0x0000000020000160       0x1c d:/software/stm32cubeide_1.9.0/stm32cubeide/plugins/com.st.stm32cube.ide.mcu.externaltools.gnu-tools-for-stm32.10.3-2021.10.win32_1.0.0.202111181127/tools/bin/../lib/gcc/arm-none-eabi/10.3.1/thumb/v7-m/nofp/crtbegin.o
 *(.bss*)
 .bss.hsram1    0x000000002000017c       0x48 ./Core/Src/fsmc.o
                0x000000002000017c                hsram1
 .bss.FSMC_Initialized
                0x00000000200001c4        0x4 ./Core/Src/fsmc.o
 .bss.stat.0    0x00000000200001c8        0x1 ./Core/Src/key.o
 *fill*         0x00000000200001c9        0x1 
 .bss.CurrentTextColor
                0x00000000200001ca        0x2 ./Core/Src/lcd.o
 .bss.maze      0x00000000200001cc      0x278 ./Core/Src/main.o
                0x00000000200001cc                maze
 .bss.ui_stat   0x0000000020000444        0x1 ./Core/Src/main.o
                0x0000000020000444                ui_stat
 .bss.light     0x0000000020000445        0x1 ./Core/Src/main.o
                0x0000000020000445                light
 *fill*         0x0000000020000446        0x2 
 .bss.score     0x0000000020000448        0x8 ./Core/Src/main.o
                0x0000000020000448                score
 .bss.hspi1     0x0000000020000450       0x58 ./Core/Src/spi.o
                0x0000000020000450                hspi1
 .bss.__sbrk_heap_end
                0x00000000200004a8        0x4 ./Core/Src/sysmem.o
 .bss.htim6     0x00000000200004ac       0x48 ./Core/Src/tim.o
                0x00000000200004ac                htim6
 .bss.htim7     0x00000000200004f4       0x48 ./Core/Src/tim.o
                0x00000000200004f4                htim7
 .bss.tim6Cnt.1
                0x000000002000053c        0x4 ./Core/Src/tim.o
 .bss.tim7Cnt.0
                0x0000000020000540        0x4 ./Core/Src/tim.o
 .bss.ucXPT2046_TouchFlag
                0x0000000020000544        0x1 ./Core/Src/touch.o
                0x0000000020000544                ucXPT2046_TouchFlag
 .bss.touch_state.2
                0x0000000020000545        0x1 ./Core/Src/touch.o
 *fill*         0x0000000020000546        0x2 
 .bss.i.1       0x0000000020000548        0x4 ./Core/Src/touch.o
 .bss.huart1    0x000000002000054c       0x44 ./Core/Src/usart.o
                0x000000002000054c                huart1
 .bss.uwTick    0x0000000020000590        0x4 ./Drivers/STM32F1xx_HAL_Driver/Src/stm32f1xx_hal.o
                0x0000000020000590                uwTick
 .bss.__lock___malloc_recursive_mutex
                0x0000000020000594        0x1 d:/software/stm32cubeide_1.9.0/stm32cubeide/plugins/com.st.stm32cube.ide.mcu.externaltools.gnu-tools-for-stm32.10.3-2021.10.win32_1.0.0.202111181127/tools/bin/../lib/gcc/arm-none-eabi/10.3.1/../../../../arm-none-eabi/lib/thumb/v7-m/nofp\libc_nano.a(lib_a-lock.o)
                0x0000000020000594                __lock___malloc_recursive_mutex
 .bss.__lock___sfp_recursive_mutex
                0x0000000020000595        0x1 d:/software/stm32cubeide_1.9.0/stm32cubeide/plugins/com.st.stm32cube.ide.mcu.externaltools.gnu-tools-for-stm32.10.3-2021.10.win32_1.0.0.202111181127/tools/bin/../lib/gcc/arm-none-eabi/10.3.1/../../../../arm-none-eabi/lib/thumb/v7-m/nofp\libc_nano.a(lib_a-lock.o)
                0x0000000020000595                __lock___sfp_recursive_mutex
 .bss.__lock___sinit_recursive_mutex
                0x0000000020000596        0x1 d:/software/stm32cubeide_1.9.0/stm32cubeide/plugins/com.st.stm32cube.ide.mcu.externaltools.gnu-tools-for-stm32.10.3-2021.10.win32_1.0.0.202111181127/tools/bin/../lib/gcc/arm-none-eabi/10.3.1/../../../../arm-none-eabi/lib/thumb/v7-m/nofp\libc_nano.a(lib_a-lock.o)
                0x0000000020000596                __lock___sinit_recursive_mutex
 *fill*         0x0000000020000597        0x1 
 .bss.__malloc_free_list
                0x0000000020000598        0x4 d:/software/stm32cubeide_1.9.0/stm32cubeide/plugins/com.st.stm32cube.ide.mcu.externaltools.gnu-tools-for-stm32.10.3-2021.10.win32_1.0.0.202111181127/tools/bin/../lib/gcc/arm-none-eabi/10.3.1/../../../../arm-none-eabi/lib/thumb/v7-m/nofp\libc_nano.a(lib_a-nano-mallocr.o)
                0x0000000020000598                __malloc_free_list
 .bss.__malloc_sbrk_start
                0x000000002000059c        0x4 d:/software/stm32cubeide_1.9.0/stm32cubeide/plugins/com.st.stm32cube.ide.mcu.externaltools.gnu-tools-for-stm32.10.3-2021.10.win32_1.0.0.202111181127/tools/bin/../lib/gcc/arm-none-eabi/10.3.1/../../../../arm-none-eabi/lib/thumb/v7-m/nofp\libc_nano.a(lib_a-nano-mallocr.o)
                0x000000002000059c                __malloc_sbrk_start
 .bss.errno     0x00000000200005a0        0x4 d:/software/stm32cubeide_1.9.0/stm32cubeide/plugins/com.st.stm32cube.ide.mcu.externaltools.gnu-tools-for-stm32.10.3-2021.10.win32_1.0.0.202111181127/tools/bin/../lib/gcc/arm-none-eabi/10.3.1/../../../../arm-none-eabi/lib/thumb/v7-m/nofp\libc_nano.a(lib_a-reent.o)
                0x00000000200005a0                errno
 *(COMMON)
                0x00000000200005a4                . = ALIGN (0x4)
                0x00000000200005a4                _ebss = .
                0x00000000200005a4                __bss_end__ = _ebss

._user_heap_stack
                0x00000000200005a4      0x604 load address 0x000000000800c0f8
                0x00000000200005a8                . = ALIGN (0x8)
 *fill*         0x00000000200005a4        0x4 
                [!provide]                        PROVIDE (end = .)
                0x00000000200005a8                PROVIDE (_end = .)
                0x00000000200007a8                . = (. + _Min_Heap_Size)
 *fill*         0x00000000200005a8      0x200 
                0x0000000020000ba8                . = (. + _Min_Stack_Size)
 *fill*         0x00000000200007a8      0x400 
                0x0000000020000ba8                . = ALIGN (0x8)

/DISCARD/
 libc.a(*)
 libm.a(*)
 libgcc.a(*)

.ARM.attributes
                0x0000000000000000       0x29
 *(.ARM.attributes)
 .ARM.attributes
                0x0000000000000000       0x1d d:/software/stm32cubeide_1.9.0/stm32cubeide/plugins/com.st.stm32cube.ide.mcu.externaltools.gnu-tools-for-stm32.10.3-2021.10.win32_1.0.0.202111181127/tools/bin/../lib/gcc/arm-none-eabi/10.3.1/thumb/v7-m/nofp/crti.o
 .ARM.attributes
                0x000000000000001d       0x2d d:/software/stm32cubeide_1.9.0/stm32cubeide/plugins/com.st.stm32cube.ide.mcu.externaltools.gnu-tools-for-stm32.10.3-2021.10.win32_1.0.0.202111181127/tools/bin/../lib/gcc/arm-none-eabi/10.3.1/thumb/v7-m/nofp/crtbegin.o
 .ARM.attributes
                0x000000000000004a       0x2d ./Core/Src/flash.o
 .ARM.attributes
                0x0000000000000077       0x2d ./Core/Src/fonts.o
 .ARM.attributes
                0x00000000000000a4       0x2d ./Core/Src/fsmc.o
 .ARM.attributes
                0x00000000000000d1       0x2d ./Core/Src/gpio.o
 .ARM.attributes
                0x00000000000000fe       0x2d ./Core/Src/key.o
 .ARM.attributes
                0x000000000000012b       0x2d ./Core/Src/lcd.o
 .ARM.attributes
                0x0000000000000158       0x2d ./Core/Src/main.o
 .ARM.attributes
                0x0000000000000185       0x2d ./Core/Src/maze.o
 .ARM.attributes
                0x00000000000001b2       0x2d ./Core/Src/spi.o
 .ARM.attributes
                0x00000000000001df       0x2d ./Core/Src/stm32f1xx_hal_msp.o
 .ARM.attributes
                0x000000000000020c       0x2d ./Core/Src/stm32f1xx_it.o
 .ARM.attributes
                0x0000000000000239       0x2d ./Core/Src/syscalls.o
 .ARM.attributes
                0x0000000000000266       0x2d ./Core/Src/sysmem.o
 .ARM.attributes
                0x0000000000000293       0x2d ./Core/Src/system_stm32f1xx.o
 .ARM.attributes
                0x00000000000002c0       0x2d ./Core/Src/tim.o
 .ARM.attributes
                0x00000000000002ed       0x2d ./Core/Src/touch.o
 .ARM.attributes
                0x000000000000031a       0x2d ./Core/Src/usart.o
 .ARM.attributes
                0x0000000000000347       0x21 ./Core/Startup/startup_stm32f103vetx.o
 .ARM.attributes
                0x0000000000000368       0x2d ./Drivers/STM32F1xx_HAL_Driver/Src/stm32f1xx_hal.o
 .ARM.attributes
                0x0000000000000395       0x2d ./Drivers/STM32F1xx_HAL_Driver/Src/stm32f1xx_hal_cortex.o
 .ARM.attributes
                0x00000000000003c2       0x2d ./Drivers/STM32F1xx_HAL_Driver/Src/stm32f1xx_hal_gpio.o
 .ARM.attributes
                0x00000000000003ef       0x2d ./Drivers/STM32F1xx_HAL_Driver/Src/stm32f1xx_hal_rcc.o
 .ARM.attributes
                0x000000000000041c       0x2d ./Drivers/STM32F1xx_HAL_Driver/Src/stm32f1xx_hal_spi.o
 .ARM.attributes
                0x0000000000000449       0x2d ./Drivers/STM32F1xx_HAL_Driver/Src/stm32f1xx_hal_sram.o
 .ARM.attributes
                0x0000000000000476       0x2d ./Drivers/STM32F1xx_HAL_Driver/Src/stm32f1xx_hal_tim.o
 .ARM.attributes
                0x00000000000004a3       0x2d ./Drivers/STM32F1xx_HAL_Driver/Src/stm32f1xx_hal_tim_ex.o
 .ARM.attributes
                0x00000000000004d0       0x2d ./Drivers/STM32F1xx_HAL_Driver/Src/stm32f1xx_hal_uart.o
 .ARM.attributes
                0x00000000000004fd       0x2d ./Drivers/STM32F1xx_HAL_Driver/Src/stm32f1xx_ll_fsmc.o
 .ARM.attributes
                0x000000000000052a       0x2d d:/software/stm32cubeide_1.9.0/stm32cubeide/plugins/com.st.stm32cube.ide.mcu.externaltools.gnu-tools-for-stm32.10.3-2021.10.win32_1.0.0.202111181127/tools/bin/../lib/gcc/arm-none-eabi/10.3.1/../../../../arm-none-eabi/lib/thumb/v7-m/nofp\libc_nano.a(lib_a-errno.o)
 .ARM.attributes
                0x0000000000000557       0x2d d:/software/stm32cubeide_1.9.0/stm32cubeide/plugins/com.st.stm32cube.ide.mcu.externaltools.gnu-tools-for-stm32.10.3-2021.10.win32_1.0.0.202111181127/tools/bin/../lib/gcc/arm-none-eabi/10.3.1/../../../../arm-none-eabi/lib/thumb/v7-m/nofp\libc_nano.a(lib_a-impure.o)
 .ARM.attributes
                0x0000000000000584       0x2d d:/software/stm32cubeide_1.9.0/stm32cubeide/plugins/com.st.stm32cube.ide.mcu.externaltools.gnu-tools-for-stm32.10.3-2021.10.win32_1.0.0.202111181127/tools/bin/../lib/gcc/arm-none-eabi/10.3.1/../../../../arm-none-eabi/lib/thumb/v7-m/nofp\libc_nano.a(lib_a-init.o)
 .ARM.attributes
                0x00000000000005b1       0x2d d:/software/stm32cubeide_1.9.0/stm32cubeide/plugins/com.st.stm32cube.ide.mcu.externaltools.gnu-tools-for-stm32.10.3-2021.10.win32_1.0.0.202111181127/tools/bin/../lib/gcc/arm-none-eabi/10.3.1/../../../../arm-none-eabi/lib/thumb/v7-m/nofp\libc_nano.a(lib_a-memcpy-stub.o)
 .ARM.attributes
                0x00000000000005de       0x2d d:/software/stm32cubeide_1.9.0/stm32cubeide/plugins/com.st.stm32cube.ide.mcu.externaltools.gnu-tools-for-stm32.10.3-2021.10.win32_1.0.0.202111181127/tools/bin/../lib/gcc/arm-none-eabi/10.3.1/../../../../arm-none-eabi/lib/thumb/v7-m/nofp\libc_nano.a(lib_a-memset.o)
 .ARM.attributes
                0x000000000000060b       0x2d d:/software/stm32cubeide_1.9.0/stm32cubeide/plugins/com.st.stm32cube.ide.mcu.externaltools.gnu-tools-for-stm32.10.3-2021.10.win32_1.0.0.202111181127/tools/bin/../lib/gcc/arm-none-eabi/10.3.1/../../../../arm-none-eabi/lib/thumb/v7-m/nofp\libc_nano.a(lib_a-puts.o)
 .ARM.attributes
                0x0000000000000638       0x2d d:/software/stm32cubeide_1.9.0/stm32cubeide/plugins/com.st.stm32cube.ide.mcu.externaltools.gnu-tools-for-stm32.10.3-2021.10.win32_1.0.0.202111181127/tools/bin/../lib/gcc/arm-none-eabi/10.3.1/../../../../arm-none-eabi/lib/thumb/v7-m/nofp\libc_nano.a(lib_a-sprintf.o)
 .ARM.attributes
                0x0000000000000665       0x17 d:/software/stm32cubeide_1.9.0/stm32cubeide/plugins/com.st.stm32cube.ide.mcu.externaltools.gnu-tools-for-stm32.10.3-2021.10.win32_1.0.0.202111181127/tools/bin/../lib/gcc/arm-none-eabi/10.3.1/../../../../arm-none-eabi/lib/thumb/v7-m/nofp\libc_nano.a(lib_a-strlen.o)
 .ARM.attributes
                0x000000000000067c       0x2d d:/software/stm32cubeide_1.9.0/stm32cubeide/plugins/com.st.stm32cube.ide.mcu.externaltools.gnu-tools-for-stm32.10.3-2021.10.win32_1.0.0.202111181127/tools/bin/../lib/gcc/arm-none-eabi/10.3.1/../../../../arm-none-eabi/lib/thumb/v7-m/nofp\libc_nano.a(lib_a-wbuf.o)
 .ARM.attributes
                0x00000000000006a9       0x2d d:/software/stm32cubeide_1.9.0/stm32cubeide/plugins/com.st.stm32cube.ide.mcu.externaltools.gnu-tools-for-stm32.10.3-2021.10.win32_1.0.0.202111181127/tools/bin/../lib/gcc/arm-none-eabi/10.3.1/../../../../arm-none-eabi/lib/thumb/v7-m/nofp\libc_nano.a(lib_a-wsetup.o)
 .ARM.attributes
                0x00000000000006d6       0x2d d:/software/stm32cubeide_1.9.0/stm32cubeide/plugins/com.st.stm32cube.ide.mcu.externaltools.gnu-tools-for-stm32.10.3-2021.10.win32_1.0.0.202111181127/tools/bin/../lib/gcc/arm-none-eabi/10.3.1/../../../../arm-none-eabi/lib/thumb/v7-m/nofp\libc_nano.a(lib_a-fflush.o)
 .ARM.attributes
                0x0000000000000703       0x2d d:/software/stm32cubeide_1.9.0/stm32cubeide/plugins/com.st.stm32cube.ide.mcu.externaltools.gnu-tools-for-stm32.10.3-2021.10.win32_1.0.0.202111181127/tools/bin/../lib/gcc/arm-none-eabi/10.3.1/../../../../arm-none-eabi/lib/thumb/v7-m/nofp\libc_nano.a(lib_a-findfp.o)
 .ARM.attributes
                0x0000000000000730       0x2d d:/software/stm32cubeide_1.9.0/stm32cubeide/plugins/com.st.stm32cube.ide.mcu.externaltools.gnu-tools-for-stm32.10.3-2021.10.win32_1.0.0.202111181127/tools/bin/../lib/gcc/arm-none-eabi/10.3.1/../../../../arm-none-eabi/lib/thumb/v7-m/nofp\libc_nano.a(lib_a-fwalk.o)
 .ARM.attributes
                0x000000000000075d       0x2d d:/software/stm32cubeide_1.9.0/stm32cubeide/plugins/com.st.stm32cube.ide.mcu.externaltools.gnu-tools-for-stm32.10.3-2021.10.win32_1.0.0.202111181127/tools/bin/../lib/gcc/arm-none-eabi/10.3.1/../../../../arm-none-eabi/lib/thumb/v7-m/nofp\libc_nano.a(lib_a-lock.o)
 .ARM.attributes
                0x000000000000078a       0x2d d:/software/stm32cubeide_1.9.0/stm32cubeide/plugins/com.st.stm32cube.ide.mcu.externaltools.gnu-tools-for-stm32.10.3-2021.10.win32_1.0.0.202111181127/tools/bin/../lib/gcc/arm-none-eabi/10.3.1/../../../../arm-none-eabi/lib/thumb/v7-m/nofp\libc_nano.a(lib_a-makebuf.o)
 .ARM.attributes
                0x00000000000007b7       0x2d d:/software/stm32cubeide_1.9.0/stm32cubeide/plugins/com.st.stm32cube.ide.mcu.externaltools.gnu-tools-for-stm32.10.3-2021.10.win32_1.0.0.202111181127/tools/bin/../lib/gcc/arm-none-eabi/10.3.1/../../../../arm-none-eabi/lib/thumb/v7-m/nofp\libc_nano.a(lib_a-nano-freer.o)
 .ARM.attributes
                0x00000000000007e4       0x2d d:/software/stm32cubeide_1.9.0/stm32cubeide/plugins/com.st.stm32cube.ide.mcu.externaltools.gnu-tools-for-stm32.10.3-2021.10.win32_1.0.0.202111181127/tools/bin/../lib/gcc/arm-none-eabi/10.3.1/../../../../arm-none-eabi/lib/thumb/v7-m/nofp\libc_nano.a(lib_a-nano-mallocr.o)
 .ARM.attributes
                0x0000000000000811       0x2d d:/software/stm32cubeide_1.9.0/stm32cubeide/plugins/com.st.stm32cube.ide.mcu.externaltools.gnu-tools-for-stm32.10.3-2021.10.win32_1.0.0.202111181127/tools/bin/../lib/gcc/arm-none-eabi/10.3.1/../../../../arm-none-eabi/lib/thumb/v7-m/nofp\libc_nano.a(lib_a-nano-svfprintf.o)
 .ARM.attributes
                0x000000000000083e       0x2d d:/software/stm32cubeide_1.9.0/stm32cubeide/plugins/com.st.stm32cube.ide.mcu.externaltools.gnu-tools-for-stm32.10.3-2021.10.win32_1.0.0.202111181127/tools/bin/../lib/gcc/arm-none-eabi/10.3.1/../../../../arm-none-eabi/lib/thumb/v7-m/nofp\libc_nano.a(lib_a-nano-vfprintf_i.o)
 .ARM.attributes
                0x000000000000086b       0x2d d:/software/stm32cubeide_1.9.0/stm32cubeide/plugins/com.st.stm32cube.ide.mcu.externaltools.gnu-tools-for-stm32.10.3-2021.10.win32_1.0.0.202111181127/tools/bin/../lib/gcc/arm-none-eabi/10.3.1/../../../../arm-none-eabi/lib/thumb/v7-m/nofp\libc_nano.a(lib_a-sbrkr.o)
 .ARM.attributes
                0x0000000000000898       0x2d d:/software/stm32cubeide_1.9.0/stm32cubeide/plugins/com.st.stm32cube.ide.mcu.externaltools.gnu-tools-for-stm32.10.3-2021.10.win32_1.0.0.202111181127/tools/bin/../lib/gcc/arm-none-eabi/10.3.1/../../../../arm-none-eabi/lib/thumb/v7-m/nofp\libc_nano.a(lib_a-stdio.o)
 .ARM.attributes
                0x00000000000008c5       0x2d d:/software/stm32cubeide_1.9.0/stm32cubeide/plugins/com.st.stm32cube.ide.mcu.externaltools.gnu-tools-for-stm32.10.3-2021.10.win32_1.0.0.202111181127/tools/bin/../lib/gcc/arm-none-eabi/10.3.1/../../../../arm-none-eabi/lib/thumb/v7-m/nofp\libc_nano.a(lib_a-writer.o)
 .ARM.attributes
                0x00000000000008f2       0x2d d:/software/stm32cubeide_1.9.0/stm32cubeide/plugins/com.st.stm32cube.ide.mcu.externaltools.gnu-tools-for-stm32.10.3-2021.10.win32_1.0.0.202111181127/tools/bin/../lib/gcc/arm-none-eabi/10.3.1/../../../../arm-none-eabi/lib/thumb/v7-m/nofp\libc_nano.a(lib_a-closer.o)
 .ARM.attributes
                0x000000000000091f       0x2d d:/software/stm32cubeide_1.9.0/stm32cubeide/plugins/com.st.stm32cube.ide.mcu.externaltools.gnu-tools-for-stm32.10.3-2021.10.win32_1.0.0.202111181127/tools/bin/../lib/gcc/arm-none-eabi/10.3.1/../../../../arm-none-eabi/lib/thumb/v7-m/nofp\libc_nano.a(lib_a-fstatr.o)
 .ARM.attributes
                0x000000000000094c       0x2d d:/software/stm32cubeide_1.9.0/stm32cubeide/plugins/com.st.stm32cube.ide.mcu.externaltools.gnu-tools-for-stm32.10.3-2021.10.win32_1.0.0.202111181127/tools/bin/../lib/gcc/arm-none-eabi/10.3.1/../../../../arm-none-eabi/lib/thumb/v7-m/nofp\libc_nano.a(lib_a-isattyr.o)
 .ARM.attributes
                0x0000000000000979       0x2d d:/software/stm32cubeide_1.9.0/stm32cubeide/plugins/com.st.stm32cube.ide.mcu.externaltools.gnu-tools-for-stm32.10.3-2021.10.win32_1.0.0.202111181127/tools/bin/../lib/gcc/arm-none-eabi/10.3.1/../../../../arm-none-eabi/lib/thumb/v7-m/nofp\libc_nano.a(lib_a-lseekr.o)
 .ARM.attributes
                0x00000000000009a6       0x2d d:/software/stm32cubeide_1.9.0/stm32cubeide/plugins/com.st.stm32cube.ide.mcu.externaltools.gnu-tools-for-stm32.10.3-2021.10.win32_1.0.0.202111181127/tools/bin/../lib/gcc/arm-none-eabi/10.3.1/../../../../arm-none-eabi/lib/thumb/v7-m/nofp\libc_nano.a(lib_a-memchr-stub.o)
 .ARM.attributes
                0x00000000000009d3       0x2d d:/software/stm32cubeide_1.9.0/stm32cubeide/plugins/com.st.stm32cube.ide.mcu.externaltools.gnu-tools-for-stm32.10.3-2021.10.win32_1.0.0.202111181127/tools/bin/../lib/gcc/arm-none-eabi/10.3.1/../../../../arm-none-eabi/lib/thumb/v7-m/nofp\libc_nano.a(lib_a-memmove.o)
 .ARM.attributes
                0x0000000000000a00       0x2d d:/software/stm32cubeide_1.9.0/stm32cubeide/plugins/com.st.stm32cube.ide.mcu.externaltools.gnu-tools-for-stm32.10.3-2021.10.win32_1.0.0.202111181127/tools/bin/../lib/gcc/arm-none-eabi/10.3.1/../../../../arm-none-eabi/lib/thumb/v7-m/nofp\libc_nano.a(lib_a-mlock.o)
 .ARM.attributes
                0x0000000000000a2d       0x2d d:/software/stm32cubeide_1.9.0/stm32cubeide/plugins/com.st.stm32cube.ide.mcu.externaltools.gnu-tools-for-stm32.10.3-2021.10.win32_1.0.0.202111181127/tools/bin/../lib/gcc/arm-none-eabi/10.3.1/../../../../arm-none-eabi/lib/thumb/v7-m/nofp\libc_nano.a(lib_a-nano-reallocr.o)
 .ARM.attributes
                0x0000000000000a5a       0x2d d:/software/stm32cubeide_1.9.0/stm32cubeide/plugins/com.st.stm32cube.ide.mcu.externaltools.gnu-tools-for-stm32.10.3-2021.10.win32_1.0.0.202111181127/tools/bin/../lib/gcc/arm-none-eabi/10.3.1/../../../../arm-none-eabi/lib/thumb/v7-m/nofp\libc_nano.a(lib_a-readr.o)
 .ARM.attributes
                0x0000000000000a87       0x2d d:/software/stm32cubeide_1.9.0/stm32cubeide/plugins/com.st.stm32cube.ide.mcu.externaltools.gnu-tools-for-stm32.10.3-2021.10.win32_1.0.0.202111181127/tools/bin/../lib/gcc/arm-none-eabi/10.3.1/../../../../arm-none-eabi/lib/thumb/v7-m/nofp\libc_nano.a(lib_a-reent.o)
 .ARM.attributes
                0x0000000000000ab4       0x2d d:/software/stm32cubeide_1.9.0/stm32cubeide/plugins/com.st.stm32cube.ide.mcu.externaltools.gnu-tools-for-stm32.10.3-2021.10.win32_1.0.0.202111181127/tools/bin/../lib/gcc/arm-none-eabi/10.3.1/../../../../arm-none-eabi/lib/thumb/v7-m/nofp\libc_nano.a(lib_a-nano-msizer.o)
 .ARM.attributes
                0x0000000000000ae1       0x1d d:/software/stm32cubeide_1.9.0/stm32cubeide/plugins/com.st.stm32cube.ide.mcu.externaltools.gnu-tools-for-stm32.10.3-2021.10.win32_1.0.0.202111181127/tools/bin/../lib/gcc/arm-none-eabi/10.3.1/thumb/v7-m/nofp\libgcc.a(_arm_addsubsf3.o)
 .ARM.attributes
                0x0000000000000afe       0x1d d:/software/stm32cubeide_1.9.0/stm32cubeide/plugins/com.st.stm32cube.ide.mcu.externaltools.gnu-tools-for-stm32.10.3-2021.10.win32_1.0.0.202111181127/tools/bin/../lib/gcc/arm-none-eabi/10.3.1/thumb/v7-m/nofp\libgcc.a(_arm_muldivsf3.o)
 .ARM.attributes
                0x0000000000000b1b       0x1d d:/software/stm32cubeide_1.9.0/stm32cubeide/plugins/com.st.stm32cube.ide.mcu.externaltools.gnu-tools-for-stm32.10.3-2021.10.win32_1.0.0.202111181127/tools/bin/../lib/gcc/arm-none-eabi/10.3.1/thumb/v7-m/nofp\libgcc.a(_arm_cmpsf2.o)
 .ARM.attributes
                0x0000000000000b38       0x1d d:/software/stm32cubeide_1.9.0/stm32cubeide/plugins/com.st.stm32cube.ide.mcu.externaltools.gnu-tools-for-stm32.10.3-2021.10.win32_1.0.0.202111181127/tools/bin/../lib/gcc/arm-none-eabi/10.3.1/thumb/v7-m/nofp\libgcc.a(_arm_fixsfsi.o)
 .ARM.attributes
                0x0000000000000b55       0x1d d:/software/stm32cubeide_1.9.0/stm32cubeide/plugins/com.st.stm32cube.ide.mcu.externaltools.gnu-tools-for-stm32.10.3-2021.10.win32_1.0.0.202111181127/tools/bin/../lib/gcc/arm-none-eabi/10.3.1/thumb/v7-m/nofp\libgcc.a(_arm_fixunssfsi.o)
 .ARM.attributes
                0x0000000000000b72       0x1d d:/software/stm32cubeide_1.9.0/stm32cubeide/plugins/com.st.stm32cube.ide.mcu.externaltools.gnu-tools-for-stm32.10.3-2021.10.win32_1.0.0.202111181127/tools/bin/../lib/gcc/arm-none-eabi/10.3.1/thumb/v7-m/nofp/crtn.o
OUTPUT(try1.elf elf32-littlearm)
LOAD linker stubs
LOAD d:/software/stm32cubeide_1.9.0/stm32cubeide/plugins/com.st.stm32cube.ide.mcu.externaltools.gnu-tools-for-stm32.10.3-2021.10.win32_1.0.0.202111181127/tools/bin/../lib/gcc/arm-none-eabi/10.3.1/../../../../arm-none-eabi/lib/thumb/v7-m/nofp\libc.a