../Core/Src/lcd.c:38:22:ILI9341_Write_Cmd	16	static
../Core/Src/lcd.c:50:22:ILI9341_Write_Data	16	static
../Core/Src/lcd.c:62:26:ILI9341_Read_Data	4	static
../Core/Src/lcd.c:73:13:ILI9341_Delay	16	static
../Core/Src/lcd.c:85:13:ILI9341_REG_Config	8	static
../Core/Src/lcd.c:247:6:ILI9341_Init	8	static
../Core/Src/lcd.c:269:6:ILI9341_BackLed_Control	16	static
../Core/Src/lcd.c:285:6:ILI9341_Rst	8	static
../Core/Src/lcd.c:346:6:ILI9341_GramScan	16	static
../Core/Src/lcd.c:396:6:ILI9341_OpenWindow	24	static
../Core/Src/lcd.c:418:13:ILI9341_SetCursor	16	static
../Core/Src/lcd.c:430:22:ILI9341_FillColor	24	static
../Core/Src/lcd.c:454:6:ILI9341_Clear	24	static
../Core/Src/lcd.c:469:6:ILI9341_SetPointPixel	16	static
../Core/Src/lcd.c:486:17:ILI9341_Read_PixelData	16	static
../Core/Src/lcd.c:510:10:ILI9341_GetPointPixel	24	static
../Core/Src/lcd.c:534:6:ILI9341_DrawLine	64	static
../Core/Src/lcd.c:621:6:ILI9341_DrawRectangle	24	static
../Core/Src/lcd.c:650:6:ILI9341_DrawCircle	32	static
../Core/Src/lcd.c:719:6:ILI9341_DispChar_EN	32	static
../Core/Src/lcd.c:766:6:ILI9341_DispStringLine_EN	24	static
../Core/Src/lcd.c:803:6:ILI9341_DispString_EN	16	static
../Core/Src/lcd.c:837:6:ILI9341_DispString_EN_YDir	16	static
../Core/Src/lcd.c:871:6:LCD_SetFont	16	static
../Core/Src/lcd.c:881:8:LCD_GetFont	4	static
../Core/Src/lcd.c:893:6:LCD_SetColors	16	static
../Core/Src/lcd.c:905:6:LCD_GetColors	16	static
../Core/Src/lcd.c:916:6:LCD_SetTextColor	16	static
../Core/Src/lcd.c:926:6:LCD_SetBackColor	16	static
../Core/Src/lcd.c:938:6:LCD_ClearLine	24	static
../Core/Src/lcd.c:945:6:LCD_WELCOME_Draw	8	static
../Core/Src/lcd.c:968:6:LCD_MAZE_Refresh	8	static
../Core/Src/lcd.c:981:6:LCD_MAZE_DrawMap	56	static
../Core/Src/lcd.c:1042:6:LCD_MAZE_DrawPlayer	16	static
../Core/Src/lcd.c:1051:6:LCD_MAZE_DrawButton	16	static
../Core/Src/lcd.c:1065:6:LCD_MAZE_DrawStep	112	static
../Core/Src/lcd.c:1078:6:LCD_MAZE_DrawBest	112	static
../Core/Src/lcd.c:1090:6:LCD_MAZE_DrawRestart	16	static
../Core/Src/lcd.c:1100:6:LCD_MAZE_BUTTON_Down	24	static
../Core/Src/lcd.c:1162:6:LCD_WIM_DrawWin	8	static
../Core/Src/lcd.c:1169:6:LCD_WIN_Draw	8	static
